---
http_interactions:
- request:
    method: get
    uri: http://g5-theme-garden.herokuapp.com/
    body:
      encoding: US-ASCII
      string: ''
    headers:
      If-Modified-Since:
      - ''
      Accept:
      - ! '*/*'
      User-Agent:
      - Ruby
  response:
    status:
      code: 200
      message: OK
    headers:
      Cache-Control:
      - max-age=0, private, must-revalidate
      Content-Type:
      - text/html; charset=utf-8
      Date:
      - Fri, 24 Jan 2014 05:32:36 GMT
      Last-Modified:
      - Thu, 23 Jan 2014 21:42:25 GMT
      Server:
      - thin 1.5.0 codename Knife
      Set-Cookie:
      - _g5_layout_garden_session=BAh7B0kiD3Nlc3Npb25faWQGOgZFRkkiJTVhYjVhMTJiOGNjNTA5NDMyZmM4YjQ3NDhmYmMxMzU5BjsAVEkiEF9jc3JmX3Rva2VuBjsARkkiMXNuV2NrRXdZRUJ3NXVHNFBSZk5DVzBaeS9DSVNUWGQ1YjVRQlBWU1p2bWM9BjsARg%3D%3D--a37670a2b3f888fa24e781a1db3ca5ca33a0bda9;
        path=/; HttpOnly
      X-Rack-Cache:
      - miss
      X-Request-Id:
      - aa9ab2cd-8c6b-4339-8824-6d39edb610f2
      X-Runtime:
      - '0.116628'
      X-Ua-Compatible:
      - IE=Edge,chrome=1
      Content-Length:
      - '10678'
      Connection:
      - keep-alive
    body:
      encoding: US-ASCII
      string: ! "<!DOCTYPE html>\n<html>\n  <head><script type=\"text/javascript\">var
        NREUMQ=NREUMQ||[];NREUMQ.push([\"mark\",\"firstbyte\",new Date().getTime()]);</script>\n
        \   <title>G5 Theme Garden</title>\n    <link href=\"http://yandex.st/highlightjs/7.3/styles/default.min.css\"
        media=\"screen\" rel=\"stylesheet\" type=\"text/css\" />\n    <script src=\"http://yandex.st/highlightjs/7.3/highlight.min.js\"
        type=\"text/javascript\"></script>\n    <script type=\"text/javascript\">\n//<![CDATA[\nhljs.initHighlightingOnLoad();\n//]]>\n</script>\n
        \   <link href=\"/assets/application-be2d25472cea7722f19bc4bf751b4c89.css\"
        media=\"screen\" rel=\"stylesheet\" type=\"text/css\" />\n    <script src=\"/assets/application-c4200ed6acb86de22efe2d5e2e7374eb.js\"
        type=\"text/javascript\"></script>\n    <meta content=\"authenticity_token\"
        name=\"csrf-param\" />\n<meta content=\"snWckEwYEBw5uG4PRfNCW0Zy/CISTXd5b5QBPVSZvmc=\"
        name=\"csrf-token\" />\n    <meta charset=\"utf8\" />\n  </head>\n  <body>\n
        \   <div class=\"container-fluid\">\n\n      <div class=\"navbar\">\n        <div
        class=\"navbar-inner\">\n          <div class=\"container\">\n\n            <!--
        .btn-navbar is used as the toggle for collapsed navbar content -->\n            <a
        class=\"btn btn-navbar\" data-toggle=\"collapse\" data-target=\".nav-collapse\">\n
        \             <span class=\"icon-bar\"></span>\n              <span class=\"icon-bar\"></span>\n
        \             <span class=\"icon-bar\"></span>\n            </a>\n\n            <!--
        Be sure to leave the brand out there if you want it shown -->\n            <a
        class=\"brand\" href=\"/\">G5 Theme Garden</a>\n\n            <!-- Everything
        you want hidden at 940px or less, place within here -->\n            <div
        class=\"nav-collapse\">\n            </div>\n\n          </div>\n        </div>\n
        \     </div>\n\n\n        <article class=\"h-g5-component well\">\n  <header>\n
        \   <h2 class=\"p-name\">\n      <a href=\"http://g5-theme-garden.herokuapp.com/components/classic\"
        class=\"u-url u-uid\" rel=\"bookmark\">Classic</a>\n    </h2>\n    <p class=\"p-summary\">Tasteful
        and classic</p>\n      <p>\n        <a href=\"http://g5-theme-garden.herokuapp.com/static/components/classic/edit.html\"
        class=\"u-g5-edit-template u-url\">http://g5-theme-garden.herokuapp.com/static/components/classic/edit.html</a>\n
        \     </p>\n      <p>\n        <a href=\"http://g5-theme-garden.herokuapp.com/static/components/classic/show.html\"
        class=\"u-g5-show-template u-url\">http://g5-theme-garden.herokuapp.com/static/components/classic/show.html</a>\n
        \     </p>\n    <p>\n      <a href=\"http://g5-theme-garden.herokuapp.com/static/components/classic/images/thumbnail.png\"
        class=\"u-photo u-url\">http://g5-theme-garden.herokuapp.com/static/components/classic/images/thumbnail.png</a>\n
        \   </p>\n      <h3>Colors</h3>\n        <p class=\"p-g5-color\">#0095a0</p>\n
        \       <p class=\"p-g5-color\">#f68e56</p>\n      <h3>Images</h3>\n        <p>\n
        \         <a href=\"http://g5-theme-garden.herokuapp.com/static/components/classic/images/thumbnail.png\"
        class=\"u-g5-image u-url\">http://g5-theme-garden.herokuapp.com/static/components/classic/images/thumbnail.png</a>\n
        \       </p>\n\n\n      <h3>Styleheets</h3>\n        <p>\n          <a href=\"http://g5-theme-garden.herokuapp.com/static/components/classic/stylesheets/classic.scss\"
        class=\"u-g5-stylesheet u-url\">http://g5-theme-garden.herokuapp.com/static/components/classic/stylesheets/classic.scss</a>\n
        \       </p>\n  </header>\n  <hr>\n\n  <pre><code class=\"e-content\"></code></pre>\n</article>\n\n
        \ <article class=\"h-g5-component well\">\n  <header>\n    <h2 class=\"p-name\">\n
        \     <a href=\"http://g5-theme-garden.herokuapp.com/components/boxes\" class=\"u-url
        u-uid\" rel=\"bookmark\">Boxes</a>\n    </h2>\n    <p class=\"p-summary\">Theme
        for self storage clients</p>\n      <p>\n        <a href=\"http://g5-theme-garden.herokuapp.com/static/components/boxes/edit.html\"
        class=\"u-g5-edit-template u-url\">http://g5-theme-garden.herokuapp.com/static/components/boxes/edit.html</a>\n
        \     </p>\n      <p>\n        <a href=\"http://g5-theme-garden.herokuapp.com/static/components/boxes/show.html\"
        class=\"u-g5-show-template u-url\">http://g5-theme-garden.herokuapp.com/static/components/boxes/show.html</a>\n
        \     </p>\n    <p>\n      <a href=\"http://g5-theme-garden.herokuapp.com/static/components/boxes/images/thumbnail.png\"
        class=\"u-photo u-url\">http://g5-theme-garden.herokuapp.com/static/components/boxes/images/thumbnail.png</a>\n
        \   </p>\n      <h3>Colors</h3>\n        <p class=\"p-g5-color\">#fd6952</p>\n
        \       <p class=\"p-g5-color\">#acccc9</p>\n      <h3>Images</h3>\n        <p>\n
        \         <a href=\"http://g5-theme-garden.herokuapp.com/static/components/boxes/images/thumbnail.png\"
        class=\"u-g5-image u-url\">http://g5-theme-garden.herokuapp.com/static/components/boxes/images/thumbnail.png</a>\n
        \       </p>\n\n\n      <h3>Styleheets</h3>\n        <p>\n          <a href=\"http://g5-theme-garden.herokuapp.com/static/components/boxes/stylesheets/boxes.scss\"
        class=\"u-g5-stylesheet u-url\">http://g5-theme-garden.herokuapp.com/static/components/boxes/stylesheets/boxes.scss</a>\n
        \       </p>\n  </header>\n  <hr>\n\n  <pre><code class=\"e-content\"></code></pre>\n</article>\n\n
        \ <article class=\"h-g5-component well\">\n  <header>\n    <h2 class=\"p-name\">\n
        \     <a href=\"http://g5-theme-garden.herokuapp.com/components/big-picture\"
        class=\"u-url u-uid\" rel=\"bookmark\">Big Picture</a>\n    </h2>\n    <p
        class=\"p-summary\">Features large photos</p>\n      <p>\n        <a href=\"http://g5-theme-garden.herokuapp.com/static/components/big-picture/edit.html\"
        class=\"u-g5-edit-template u-url\">http://g5-theme-garden.herokuapp.com/static/components/big-picture/edit.html</a>\n
        \     </p>\n      <p>\n        <a href=\"http://g5-theme-garden.herokuapp.com/static/components/big-picture/show.html\"
        class=\"u-g5-show-template u-url\">http://g5-theme-garden.herokuapp.com/static/components/big-picture/show.html</a>\n
        \     </p>\n    <p>\n      <a href=\"http://g5-theme-garden.herokuapp.com/static/components/big-picture/images/thumbnail.png\"
        class=\"u-photo u-url\">http://g5-theme-garden.herokuapp.com/static/components/big-picture/images/thumbnail.png</a>\n
        \   </p>\n      <h3>Colors</h3>\n        <p class=\"p-g5-color\">#283f54</p>\n
        \       <p class=\"p-g5-color\">#dfb803</p>\n      <h3>Images</h3>\n        <p>\n
        \         <a href=\"http://g5-theme-garden.herokuapp.com/static/components/big-picture/images/thumbnail.png\"
        class=\"u-g5-image u-url\">http://g5-theme-garden.herokuapp.com/static/components/big-picture/images/thumbnail.png</a>\n
        \       </p>\n\n\n      <h3>Styleheets</h3>\n        <p>\n          <a href=\"http://g5-theme-garden.herokuapp.com/static/components/big-picture/stylesheets/big-picture.scss\"
        class=\"u-g5-stylesheet u-url\">http://g5-theme-garden.herokuapp.com/static/components/big-picture/stylesheets/big-picture.scss</a>\n
        \       </p>\n  </header>\n  <hr>\n\n  <pre><code class=\"e-content\"></code></pre>\n</article>\n\n
        \ <article class=\"h-g5-component well\">\n  <header>\n    <h2 class=\"p-name\">\n
        \     <a href=\"http://g5-theme-garden.herokuapp.com/components/cardboard\"
        class=\"u-url u-uid\" rel=\"bookmark\">Cardboard</a>\n    </h2>\n    <p class=\"p-summary\">Theme
        for self storage clients</p>\n      <p>\n        <a href=\"http://g5-theme-garden.herokuapp.com/static/components/cardboard/edit.html\"
        class=\"u-g5-edit-template u-url\">http://g5-theme-garden.herokuapp.com/static/components/cardboard/edit.html</a>\n
        \     </p>\n      <p>\n        <a href=\"http://g5-theme-garden.herokuapp.com/static/components/cardboard/show.html\"
        class=\"u-g5-show-template u-url\">http://g5-theme-garden.herokuapp.com/static/components/cardboard/show.html</a>\n
        \     </p>\n    <p>\n      <a href=\"http://g5-theme-garden.herokuapp.com/static/components/cardboard/images/thumbnail.png\"
        class=\"u-photo u-url\">http://g5-theme-garden.herokuapp.com/static/components/cardboard/images/thumbnail.png</a>\n
        \   </p>\n      <h3>Colors</h3>\n        <p class=\"p-g5-color\">#283f54</p>\n
        \       <p class=\"p-g5-color\">#f26954</p>\n      <h3>Images</h3>\n        <p>\n
        \         <a href=\"http://g5-theme-garden.herokuapp.com/static/components/cardboard/images/thumbnail.png\"
        class=\"u-g5-image u-url\">http://g5-theme-garden.herokuapp.com/static/components/cardboard/images/thumbnail.png</a>\n
        \       </p>\n\n\n      <h3>Styleheets</h3>\n        <p>\n          <a href=\"http://g5-theme-garden.herokuapp.com/static/components/cardboard/stylesheets/cardboard.scss\"
        class=\"u-g5-stylesheet u-url\">http://g5-theme-garden.herokuapp.com/static/components/cardboard/stylesheets/cardboard.scss</a>\n
        \       </p>\n  </header>\n  <hr>\n\n  <pre><code class=\"e-content\"></code></pre>\n</article>\n\n
        \ <article class=\"h-g5-component well\">\n  <header>\n    <h2 class=\"p-name\">\n
        \     <a href=\"http://g5-theme-garden.herokuapp.com/components/high-rise\"
        class=\"u-url u-uid\" rel=\"bookmark\">High Rise</a>\n    </h2>\n    <p class=\"p-summary\">A
        nice theme</p>\n      <p>\n        <a href=\"http://g5-theme-garden.herokuapp.com/static/components/high-rise/edit.html\"
        class=\"u-g5-edit-template u-url\">http://g5-theme-garden.herokuapp.com/static/components/high-rise/edit.html</a>\n
        \     </p>\n      <p>\n        <a href=\"http://g5-theme-garden.herokuapp.com/static/components/high-rise/show.html\"
        class=\"u-g5-show-template u-url\">http://g5-theme-garden.herokuapp.com/static/components/high-rise/show.html</a>\n
        \     </p>\n    <p>\n      <a href=\"http://g5-theme-garden.herokuapp.com/static/components/high-rise/images/thumbnail.png\"
        class=\"u-photo u-url\">http://g5-theme-garden.herokuapp.com/static/components/high-rise/images/thumbnail.png</a>\n
        \   </p>\n      <h3>Colors</h3>\n        <p class=\"p-g5-color\">#92babb</p>\n
        \       <p class=\"p-g5-color\">#db6251</p>\n      <h3>Images</h3>\n        <p>\n
        \         <a href=\"http://g5-theme-garden.herokuapp.com/static/components/high-rise/images/thumbnail.png\"
        class=\"u-g5-image u-url\">http://g5-theme-garden.herokuapp.com/static/components/high-rise/images/thumbnail.png</a>\n
        \       </p>\n\n\n      <h3>Styleheets</h3>\n        <p>\n          <a href=\"http://g5-theme-garden.herokuapp.com/static/components/high-rise/stylesheets/high-rise.scss\"
        class=\"u-g5-stylesheet u-url\">http://g5-theme-garden.herokuapp.com/static/components/high-rise/stylesheets/high-rise.scss</a>\n
        \       </p>\n  </header>\n  <hr>\n\n  <pre><code class=\"e-content\"></code></pre>\n</article>\n\n\n\n
        \   </div>\n  <script type=\"text/javascript\">if (!NREUMQ.f) { NREUMQ.f=function()
        {\nNREUMQ.push([\"load\",new Date().getTime()]);\nvar e=document.createElement(\"script\");\ne.type=\"text/javascript\";\ne.src=((\"http:\"===document.location.protocol)?\"http:\":\"https:\")
        + \"//\" +\n  \"js-agent.newrelic.com/nr-100.js\";\ndocument.body.appendChild(e);\nif(NREUMQ.a)NREUMQ.a();\n};\nNREUMQ.a=window.onload;window.onload=NREUMQ.f;\n};\nNREUMQ.push([\"nrfj\",\"beacon-2.newrelic.com\",\"548d20f55f\",\"3485429\",\"cltfEURaW19cERxTDFxEXgtTW0NAFgpdVAZJ\",16,114,new
        Date().getTime(),\"\",\"\",\"\",\"\",\"\"]);</script></body>\n</html>\n"
    http_version: 
  recorded_at: Fri, 24 Jan 2014 05:32:36 GMT
- request:
    method: get
    uri: http://g5-theme-garden.herokuapp.com/
    body:
      encoding: US-ASCII
      string: ''
    headers:
      If-Modified-Since:
      - Thu, 23 Jan 2014 21:42:25 GMT
      Accept:
      - ! '*/*'
      User-Agent:
      - Ruby
  response:
    status:
      code: 304
      message: Not Modified
    headers:
      Cache-Control:
      - max-age=0, private, must-revalidate
      Date:
      - Fri, 24 Jan 2014 05:32:37 GMT
      Server:
      - thin 1.5.0 codename Knife
      X-Rack-Cache:
      - miss
      X-Request-Id:
      - d3537466-98a3-409c-af36-1ca59465b0de
      X-Runtime:
      - '0.004740'
      X-Ua-Compatible:
      - IE=Edge,chrome=1
      Connection:
      - keep-alive
    body:
      encoding: US-ASCII
      string: ''
    http_version: 
  recorded_at: Fri, 24 Jan 2014 05:32:37 GMT
- request:
    method: get
    uri: http://g5-theme-garden.herokuapp.com/
    body:
      encoding: US-ASCII
      string: ''
    headers:
      If-Modified-Since:
      - Thu, 23 Jan 2014 21:42:25 GMT
      Accept:
      - ! '*/*'
      User-Agent:
      - Ruby
  response:
    status:
      code: 304
      message: Not Modified
    headers:
      Cache-Control:
      - max-age=0, private, must-revalidate
      Date:
      - Fri, 24 Jan 2014 05:32:37 GMT
      Server:
      - thin 1.5.0 codename Knife
      X-Rack-Cache:
      - miss
      X-Request-Id:
      - c21414c6-ccbd-4f6e-acf6-f3972625a849
      X-Runtime:
      - '0.004108'
      X-Ua-Compatible:
      - IE=Edge,chrome=1
      Connection:
      - keep-alive
    body:
      encoding: US-ASCII
      string: ''
    http_version: 
  recorded_at: Fri, 24 Jan 2014 05:32:37 GMT
- request:
    method: get
    uri: http://g5-theme-garden.herokuapp.com/
    body:
      encoding: US-ASCII
      string: ''
    headers:
      If-Modified-Since:
      - Thu, 23 Jan 2014 21:42:25 GMT
      Accept:
      - ! '*/*'
      User-Agent:
      - Ruby
  response:
    status:
      code: 304
      message: Not Modified
    headers:
      Cache-Control:
      - max-age=0, private, must-revalidate
      Date:
      - Fri, 24 Jan 2014 05:32:37 GMT
      Server:
      - thin 1.5.0 codename Knife
      X-Rack-Cache:
      - miss
      X-Request-Id:
      - 10d4766b-24da-47b0-91c0-e3ef0fa1c158
      X-Runtime:
      - '0.004170'
      X-Ua-Compatible:
      - IE=Edge,chrome=1
      Connection:
      - keep-alive
    body:
      encoding: US-ASCII
      string: ''
    http_version: 
  recorded_at: Fri, 24 Jan 2014 05:32:37 GMT
recorded_with: VCR 2.6.0
