---
http_interactions:
- request:
    method: get
    uri: http://g5-layout-garden.herokuapp.com/components/aside-first-single-column
    body:
      encoding: US-ASCII
      string: ''
    headers:
      Accept:
      - ! '*/*'
      User-Agent:
      - Ruby
  response:
    status:
      code: 200
      message: OK
    headers:
      Cache-Control:
      - max-age=0, private, must-revalidate
      Content-Type:
      - text/html; charset=utf-8
      Date:
      - Wed, 09 Oct 2013 22:58:47 GMT
      Last-Modified:
      - Wed, 24 Jul 2013 19:54:58 GMT
      Server:
      - thin 1.5.0 codename Knife
      Set-Cookie:
      - _g5_layout_garden_session=BAh7B0kiD3Nlc3Npb25faWQGOgZFRkkiJTA4MGVkMGZkNzQ3YWY0MGU0MGM0NmQzMmFiNzQ1MmJkBjsAVEkiEF9jc3JmX3Rva2VuBjsARkkiMWNvMG1BRGpKN1FJeTZhb1lwWnM4amozTiszdEExUXpYL2NnUS81bDlVSDQ9BjsARg%3D%3D--6f53056f0d3a4a6d1cae960a7d2316f018c3f3e6;
        path=/; HttpOnly
      X-Rack-Cache:
      - miss
      X-Request-Id:
      - 7060db5ca67545399f08cb96851725eb
      X-Runtime:
      - '0.029562'
      X-Ua-Compatible:
      - IE=Edge,chrome=1
      Transfer-Encoding:
      - chunked
      Connection:
      - keep-alive
    body:
      encoding: US-ASCII
      string: ! "<!DOCTYPE html>\n<html>\n  <head>\n    <title>G5 Layout Garden</title>\n
        \   <link href=\"http://yandex.st/highlightjs/7.3/styles/default.min.css\"
        media=\"screen\" rel=\"stylesheet\" type=\"text/css\" />\n    <script src=\"http://yandex.st/highlightjs/7.3/highlight.min.js\"
        type=\"text/javascript\"></script>\n    <script type=\"text/javascript\">\n//<![CDATA[\nhljs.initHighlightingOnLoad();\n//]]>\n</script>\n
        \   <link href=\"/assets/application-be2d25472cea7722f19bc4bf751b4c89.css\"
        media=\"screen\" rel=\"stylesheet\" type=\"text/css\" />\n    <script src=\"/assets/application-c4200ed6acb86de22efe2d5e2e7374eb.js\"
        type=\"text/javascript\"></script>\n    <meta content=\"authenticity_token\"
        name=\"csrf-param\" />\n<meta content=\"co0mADjJ7QIy6aoYpZs8jj3N+3tA1QzX/cgQ/5l9UH4=\"
        name=\"csrf-token\" />\n    <meta charset=\"utf8\" />\n  </head>\n  <body>\n
        \   <div class=\"container-fluid\">\n\n      <div class=\"navbar\">\n        <div
        class=\"navbar-inner\">\n          <div class=\"container\">\n\n            <!--
        .btn-navbar is used as the toggle for collapsed navbar content -->\n            <a
        class=\"btn btn-navbar\" data-toggle=\"collapse\" data-target=\".nav-collapse\">\n
        \             <span class=\"icon-bar\"></span>\n              <span class=\"icon-bar\"></span>\n
        \             <span class=\"icon-bar\"></span>\n            </a>\n\n            <!--
        Be sure to leave the brand out there if you want it shown -->\n            <a
        class=\"brand\" href=\"/\">G5 Layout Garden</a>\n\n            <!-- Everything
        you want hidden at 940px or less, place within here -->\n            <div
        class=\"nav-collapse\">\n              <ul class=\"nav\">\n              </ul>\n
        \           </div>\n\n          </div>\n        </div>\n      </div>\n\n\n
        \     <article class=\"h-g5-component well\">\n  <header>\n    <h2 class=\"p-name\">\n
        \     <a href=\"http://g5-layout-garden.herokuapp.com/components/aside-first-single-column\"
        class=\"u-url u-uid\" rel=\"bookmark\">Aside First Single Column</a>\n    </h2>\n
        \   <p class=\"p-summary\">Single column layout, sidebar on top of main in
        mobile</p>\n      <p>\n        <a href=\"http://g5-layout-garden.herokuapp.com/static/components/aside-first-single-column/edit.html\"
        class=\"u-g5-edit-template u-url\">http://g5-layout-garden.herokuapp.com/static/components/aside-first-single-column/edit.html</a>\n
        \     </p>\n      <p>\n        <a href=\"http://g5-layout-garden.herokuapp.com/static/components/aside-first-single-column/show.html\"
        class=\"u-g5-show-template u-url\">http://g5-layout-garden.herokuapp.com/static/components/aside-first-single-column/show.html</a>\n
        \     </p>\n    <p>\n      <a href=\"http://g5-layout-garden.herokuapp.com/static/components/aside-first-single-column/images/thumbnail.png\"
        class=\"u-photo u-url\">http://g5-layout-garden.herokuapp.com/static/components/aside-first-single-column/images/thumbnail.png</a>\n
        \   </p>\n      <h3>Images</h3>\n        <p>\n          <a href=\"http://g5-layout-garden.herokuapp.com/static/components/aside-first-single-column/images/thumbnail.png\"
        class=\"u-g5-image u-url\">http://g5-layout-garden.herokuapp.com/static/components/aside-first-single-column/images/thumbnail.png</a>\n
        \       </p>\n\n\n  </header>\n  <hr>\n\n  <pre><code class=\"e-content\">&lt;div
        class=&quot;single-column layout&quot;&gt;\n\n      &lt;header role=&quot;banner&quot;&gt;&lt;div
        class=&quot;content&quot;&gt;\n\n          &lt;div id=&quot;drop-target-logo&quot;&gt;&lt;!--
        place logo widget here --&gt;&lt;/div&gt;\n\n          &lt;div class=&quot;navigation-container
        collapsable&quot;&gt;\n\n            &lt;div class=&quot;buttons&quot;&gt;\n
        \             &lt;span id=&quot;drop-target-phone&quot;&gt;&lt;!-- phone widget
        here --&gt;&lt;/span&gt;\n              &lt;span id=&quot;drop-target-btn&quot;&gt;&lt;!--
        btn widget here --&gt;&lt;/span&gt;\n              &lt;a class=&quot;collapsable-btn
        btn&quot; data-toggle=&quot;collapse&quot; data-target=&quot;.collapsable-content&quot;&gt;&lt;span
        class=&quot;text&quot;&gt;Menu&lt;/span&gt;&lt;span class=&quot;bars&quot;&gt;&lt;span&gt;&lt;/span&gt;&lt;span&gt;&lt;/span&gt;&lt;span&gt;&lt;/span&gt;&lt;/span&gt;&lt;/a&gt;\n
        \           &lt;/div&gt;\n\n            &lt;div id=&quot;drop-target-nav&quot;
        class=&quot;collapsable-content&quot;&gt;&lt;!-- nav widget here --&gt;&lt;/div&gt;\n\n
        \         &lt;/div&gt;\n        &lt;/div&gt;\n      &lt;/header&gt;&lt;div
        class=&quot;wrapper&quot;&gt;\n        &lt;div class=&quot;content&quot;&gt;\n\n
        \         &lt;aside role=&quot;complementary&quot; id=&quot;drop-target-aside&quot;&gt;&lt;/aside&gt;&lt;section
        role=&quot;main&quot; id=&quot;drop-target-main&quot;&gt;&lt;/section&gt;\n&lt;/div&gt;\n
        \     &lt;/div&gt;\n\n      &lt;footer role=&quot;contentinfo&quot;&gt;&lt;div
        id=&quot;drop-target-footer&quot; class=&quot;content&quot;&gt;&lt;/div&gt;\n
        \     &lt;/footer&gt;\n&lt;/div&gt;</code></pre>\n</article>\n\n\n\n    </div>\n
        \ </body>\n</html>\n"
    http_version: 
  recorded_at: Wed, 09 Oct 2013 22:58:45 GMT
- request:
    method: get
    uri: http://g5-layout-garden.herokuapp.com/components/aside-first-single-column
    body:
      encoding: US-ASCII
      string: ''
    headers:
      Accept:
      - ! '*/*'
      User-Agent:
      - Ruby
  response:
    status:
      code: 200
      message: OK
    headers:
      Cache-Control:
      - max-age=0, private, must-revalidate
      Content-Type:
      - text/html; charset=utf-8
      Date:
      - Wed, 09 Oct 2013 22:58:47 GMT
      Last-Modified:
      - Wed, 24 Jul 2013 19:54:58 GMT
      Server:
      - thin 1.5.0 codename Knife
      Set-Cookie:
      - _g5_layout_garden_session=BAh7B0kiD3Nlc3Npb25faWQGOgZFRkkiJTE3N2NmNGJlNjBhNzNiMmI0ODViYTllNDAwMGFjOWVhBjsAVEkiEF9jc3JmX3Rva2VuBjsARkkiMTg0ektZRWtqOGk1YW9zdUNGYitKWUIvK1dLcDMzbVF3a09HVE1yWE9RQk09BjsARg%3D%3D--01b35aa4db44813e4b22fbe4f12e4a199f2076fc;
        path=/; HttpOnly
      X-Rack-Cache:
      - miss
      X-Request-Id:
      - c62030b76047a661a948f600170e0c85
      X-Runtime:
      - '0.023844'
      X-Ua-Compatible:
      - IE=Edge,chrome=1
      Transfer-Encoding:
      - chunked
      Connection:
      - keep-alive
    body:
      encoding: US-ASCII
      string: ! "<!DOCTYPE html>\n<html>\n  <head>\n    <title>G5 Layout Garden</title>\n
        \   <link href=\"http://yandex.st/highlightjs/7.3/styles/default.min.css\"
        media=\"screen\" rel=\"stylesheet\" type=\"text/css\" />\n    <script src=\"http://yandex.st/highlightjs/7.3/highlight.min.js\"
        type=\"text/javascript\"></script>\n    <script type=\"text/javascript\">\n//<![CDATA[\nhljs.initHighlightingOnLoad();\n//]]>\n</script>\n
        \   <link href=\"/assets/application-be2d25472cea7722f19bc4bf751b4c89.css\"
        media=\"screen\" rel=\"stylesheet\" type=\"text/css\" />\n    <script src=\"/assets/application-c4200ed6acb86de22efe2d5e2e7374eb.js\"
        type=\"text/javascript\"></script>\n    <meta content=\"authenticity_token\"
        name=\"csrf-param\" />\n<meta content=\"84zKYEkj8i5aosuCFb+JYB/+WKp33mQwkOGTMrXOQBM=\"
        name=\"csrf-token\" />\n    <meta charset=\"utf8\" />\n  </head>\n  <body>\n
        \   <div class=\"container-fluid\">\n\n      <div class=\"navbar\">\n        <div
        class=\"navbar-inner\">\n          <div class=\"container\">\n\n            <!--
        .btn-navbar is used as the toggle for collapsed navbar content -->\n            <a
        class=\"btn btn-navbar\" data-toggle=\"collapse\" data-target=\".nav-collapse\">\n
        \             <span class=\"icon-bar\"></span>\n              <span class=\"icon-bar\"></span>\n
        \             <span class=\"icon-bar\"></span>\n            </a>\n\n            <!--
        Be sure to leave the brand out there if you want it shown -->\n            <a
        class=\"brand\" href=\"/\">G5 Layout Garden</a>\n\n            <!-- Everything
        you want hidden at 940px or less, place within here -->\n            <div
        class=\"nav-collapse\">\n              <ul class=\"nav\">\n              </ul>\n
        \           </div>\n\n          </div>\n        </div>\n      </div>\n\n\n
        \     <article class=\"h-g5-component well\">\n  <header>\n    <h2 class=\"p-name\">\n
        \     <a href=\"http://g5-layout-garden.herokuapp.com/components/aside-first-single-column\"
        class=\"u-url u-uid\" rel=\"bookmark\">Aside First Single Column</a>\n    </h2>\n
        \   <p class=\"p-summary\">Single column layout, sidebar on top of main in
        mobile</p>\n      <p>\n        <a href=\"http://g5-layout-garden.herokuapp.com/static/components/aside-first-single-column/edit.html\"
        class=\"u-g5-edit-template u-url\">http://g5-layout-garden.herokuapp.com/static/components/aside-first-single-column/edit.html</a>\n
        \     </p>\n      <p>\n        <a href=\"http://g5-layout-garden.herokuapp.com/static/components/aside-first-single-column/show.html\"
        class=\"u-g5-show-template u-url\">http://g5-layout-garden.herokuapp.com/static/components/aside-first-single-column/show.html</a>\n
        \     </p>\n    <p>\n      <a href=\"http://g5-layout-garden.herokuapp.com/static/components/aside-first-single-column/images/thumbnail.png\"
        class=\"u-photo u-url\">http://g5-layout-garden.herokuapp.com/static/components/aside-first-single-column/images/thumbnail.png</a>\n
        \   </p>\n      <h3>Images</h3>\n        <p>\n          <a href=\"http://g5-layout-garden.herokuapp.com/static/components/aside-first-single-column/images/thumbnail.png\"
        class=\"u-g5-image u-url\">http://g5-layout-garden.herokuapp.com/static/components/aside-first-single-column/images/thumbnail.png</a>\n
        \       </p>\n\n\n  </header>\n  <hr>\n\n  <pre><code class=\"e-content\">&lt;div
        class=&quot;single-column layout&quot;&gt;\n\n      &lt;header role=&quot;banner&quot;&gt;&lt;div
        class=&quot;content&quot;&gt;\n\n          &lt;div id=&quot;drop-target-logo&quot;&gt;&lt;!--
        place logo widget here --&gt;&lt;/div&gt;\n\n          &lt;div class=&quot;navigation-container
        collapsable&quot;&gt;\n\n            &lt;div class=&quot;buttons&quot;&gt;\n
        \             &lt;span id=&quot;drop-target-phone&quot;&gt;&lt;!-- phone widget
        here --&gt;&lt;/span&gt;\n              &lt;span id=&quot;drop-target-btn&quot;&gt;&lt;!--
        btn widget here --&gt;&lt;/span&gt;\n              &lt;a class=&quot;collapsable-btn
        btn&quot; data-toggle=&quot;collapse&quot; data-target=&quot;.collapsable-content&quot;&gt;&lt;span
        class=&quot;text&quot;&gt;Menu&lt;/span&gt;&lt;span class=&quot;bars&quot;&gt;&lt;span&gt;&lt;/span&gt;&lt;span&gt;&lt;/span&gt;&lt;span&gt;&lt;/span&gt;&lt;/span&gt;&lt;/a&gt;\n
        \           &lt;/div&gt;\n\n            &lt;div id=&quot;drop-target-nav&quot;
        class=&quot;collapsable-content&quot;&gt;&lt;!-- nav widget here --&gt;&lt;/div&gt;\n\n
        \         &lt;/div&gt;\n        &lt;/div&gt;\n      &lt;/header&gt;&lt;div
        class=&quot;wrapper&quot;&gt;\n        &lt;div class=&quot;content&quot;&gt;\n\n
        \         &lt;aside role=&quot;complementary&quot; id=&quot;drop-target-aside&quot;&gt;&lt;/aside&gt;&lt;section
        role=&quot;main&quot; id=&quot;drop-target-main&quot;&gt;&lt;/section&gt;\n&lt;/div&gt;\n
        \     &lt;/div&gt;\n\n      &lt;footer role=&quot;contentinfo&quot;&gt;&lt;div
        id=&quot;drop-target-footer&quot; class=&quot;content&quot;&gt;&lt;/div&gt;\n
        \     &lt;/footer&gt;\n&lt;/div&gt;</code></pre>\n</article>\n\n\n\n    </div>\n
        \ </body>\n</html>\n"
    http_version: 
  recorded_at: Wed, 09 Oct 2013 22:58:46 GMT
- request:
    method: get
    uri: http://g5-theme-garden.herokuapp.com/components/classic
    body:
      encoding: US-ASCII
      string: ''
    headers:
      Accept:
      - ! '*/*'
      User-Agent:
      - Ruby
  response:
    status:
      code: 200
      message: OK
    headers:
      Cache-Control:
      - max-age=0, private, must-revalidate
      Content-Type:
      - text/html; charset=utf-8
      Date:
      - Wed, 09 Oct 2013 22:58:49 GMT
      Last-Modified:
      - Fri, 27 Sep 2013 18:56:27 GMT
      Server:
      - thin 1.5.0 codename Knife
      Set-Cookie:
      - _g5_layout_garden_session=BAh7B0kiD3Nlc3Npb25faWQGOgZFRkkiJTRiMTFmYmI5NDQ1OWMxOGZkOTk2YTE3NjNjNjQzYTMyBjsAVEkiEF9jc3JmX3Rva2VuBjsARkkiMVNzaGFpWVFRK2gxcnRMbFdCeXR3b0tiaWhUeVZjRXVzbTJUcFZsajBYeVk9BjsARg%3D%3D--2613f21b964ec01ea29a8f7fa53ae6cba56b654a;
        path=/; HttpOnly
      X-Rack-Cache:
      - miss
      X-Request-Id:
      - 72ef4d68b11d41576736d1e55511e84b
      X-Runtime:
      - '0.017414'
      X-Ua-Compatible:
      - IE=Edge,chrome=1
      Transfer-Encoding:
      - chunked
      Connection:
      - keep-alive
    body:
      encoding: US-ASCII
      string: ! "<!DOCTYPE html>\n<html>\n  <head>\n    <title>G5 Theme Garden</title>\n
        \   <link href=\"http://yandex.st/highlightjs/7.3/styles/default.min.css\"
        media=\"screen\" rel=\"stylesheet\" type=\"text/css\" />\n    <script src=\"http://yandex.st/highlightjs/7.3/highlight.min.js\"
        type=\"text/javascript\"></script>\n    <script type=\"text/javascript\">\n//<![CDATA[\nhljs.initHighlightingOnLoad();\n//]]>\n</script>\n
        \   <link href=\"/assets/application-be2d25472cea7722f19bc4bf751b4c89.css\"
        media=\"screen\" rel=\"stylesheet\" type=\"text/css\" />\n    <script src=\"/assets/application-c4200ed6acb86de22efe2d5e2e7374eb.js\"
        type=\"text/javascript\"></script>\n    <meta content=\"authenticity_token\"
        name=\"csrf-param\" />\n<meta content=\"SshaiYQQ+h1rtLlWBytwoKbihTyVcEusm2TpVlj0XyY=\"
        name=\"csrf-token\" />\n    <meta charset=\"utf8\" />\n  </head>\n  <body>\n
        \   <div class=\"container-fluid\">\n\n      <div class=\"navbar\">\n        <div
        class=\"navbar-inner\">\n          <div class=\"container\">\n\n            <!--
        .btn-navbar is used as the toggle for collapsed navbar content -->\n            <a
        class=\"btn btn-navbar\" data-toggle=\"collapse\" data-target=\".nav-collapse\">\n
        \             <span class=\"icon-bar\"></span>\n              <span class=\"icon-bar\"></span>\n
        \             <span class=\"icon-bar\"></span>\n            </a>\n\n            <!--
        Be sure to leave the brand out there if you want it shown -->\n            <a
        class=\"brand\" href=\"/\">G5 Theme Garden</a>\n\n            <!-- Everything
        you want hidden at 940px or less, place within here -->\n            <div
        class=\"nav-collapse\">\n            </div>\n\n          </div>\n        </div>\n
        \     </div>\n\n\n      <article class=\"h-g5-component well\">\n  <header>\n
        \   <h2 class=\"p-name\">\n      <a href=\"http://g5-theme-garden.herokuapp.com/components/classic\"
        class=\"u-url u-uid\" rel=\"bookmark\">Classic</a>\n    </h2>\n    <p class=\"p-summary\">Tasteful
        and classic</p>\n      <p>\n        <a href=\"http://g5-theme-garden.herokuapp.com/static/components/classic/edit.html\"
        class=\"u-g5-edit-template u-url\">http://g5-theme-garden.herokuapp.com/static/components/classic/edit.html</a>\n
        \     </p>\n      <p>\n        <a href=\"http://g5-theme-garden.herokuapp.com/static/components/classic/show.html\"
        class=\"u-g5-show-template u-url\">http://g5-theme-garden.herokuapp.com/static/components/classic/show.html</a>\n
        \     </p>\n    <p>\n      <a href=\"http://g5-theme-garden.herokuapp.com/static/components/classic/images/thumbnail.png\"
        class=\"u-photo u-url\">http://g5-theme-garden.herokuapp.com/static/components/classic/images/thumbnail.png</a>\n
        \   </p>\n      <h3>Colors</h3>\n        <p class=\"p-g5-color\">#0095a0</p>\n
        \       <p class=\"p-g5-color\">#f68e56</p>\n      <h3>Images</h3>\n        <p>\n
        \         <a href=\"http://g5-theme-garden.herokuapp.com/static/components/classic/images/thumbnail.png\"
        class=\"u-g5-image u-url\">http://g5-theme-garden.herokuapp.com/static/components/classic/images/thumbnail.png</a>\n
        \       </p>\n\n\n      <h3>Styleheets</h3>\n        <p>\n          <a href=\"http://g5-theme-garden.herokuapp.com/static/components/classic/stylesheets/classic.scss\"
        class=\"u-g5-stylesheet u-url\">http://g5-theme-garden.herokuapp.com/static/components/classic/stylesheets/classic.scss</a>\n
        \       </p>\n  </header>\n  <hr>\n\n  <pre><code class=\"e-content\"></code></pre>\n</article>\n\n\n\n
        \   </div>\n  </body>\n</html>\n"
    http_version: 
  recorded_at: Wed, 09 Oct 2013 22:58:48 GMT
- request:
    method: get
    uri: http://g5-theme-garden.herokuapp.com/components/classic
    body:
      encoding: US-ASCII
      string: ''
    headers:
      Accept:
      - ! '*/*'
      User-Agent:
      - Ruby
  response:
    status:
      code: 200
      message: OK
    headers:
      Cache-Control:
      - max-age=0, private, must-revalidate
      Content-Type:
      - text/html; charset=utf-8
      Date:
      - Wed, 09 Oct 2013 22:58:50 GMT
      Last-Modified:
      - Fri, 27 Sep 2013 18:56:27 GMT
      Server:
      - thin 1.5.0 codename Knife
      Set-Cookie:
      - _g5_layout_garden_session=BAh7B0kiD3Nlc3Npb25faWQGOgZFRkkiJTlhNDEzNTNkMzAyNTdlYzYzMTMzNDBlYWEwMWRjNTQ4BjsAVEkiEF9jc3JmX3Rva2VuBjsARkkiMU5NN3psMnc3US9LYkhZNmE5Y1JvWnZzNFVuZmdXMlpnQjhkSE9wMlh6QkE9BjsARg%3D%3D--699d39ada9697a311c54f282d143bc9bc3aee4eb;
        path=/; HttpOnly
      X-Rack-Cache:
      - miss
      X-Request-Id:
      - c91db1b8b9e1f3528dc07f9340060ba2
      X-Runtime:
      - '0.018393'
      X-Ua-Compatible:
      - IE=Edge,chrome=1
      Transfer-Encoding:
      - chunked
      Connection:
      - keep-alive
    body:
      encoding: US-ASCII
      string: ! "<!DOCTYPE html>\n<html>\n  <head>\n    <title>G5 Theme Garden</title>\n
        \   <link href=\"http://yandex.st/highlightjs/7.3/styles/default.min.css\"
        media=\"screen\" rel=\"stylesheet\" type=\"text/css\" />\n    <script src=\"http://yandex.st/highlightjs/7.3/highlight.min.js\"
        type=\"text/javascript\"></script>\n    <script type=\"text/javascript\">\n//<![CDATA[\nhljs.initHighlightingOnLoad();\n//]]>\n</script>\n
        \   <link href=\"/assets/application-be2d25472cea7722f19bc4bf751b4c89.css\"
        media=\"screen\" rel=\"stylesheet\" type=\"text/css\" />\n    <script src=\"/assets/application-c4200ed6acb86de22efe2d5e2e7374eb.js\"
        type=\"text/javascript\"></script>\n    <meta content=\"authenticity_token\"
        name=\"csrf-param\" />\n<meta content=\"NM7zl2w7Q/KbHY6a9cRoZvs4UnfgW2ZgB8dHOp2XzBA=\"
        name=\"csrf-token\" />\n    <meta charset=\"utf8\" />\n  </head>\n  <body>\n
        \   <div class=\"container-fluid\">\n\n      <div class=\"navbar\">\n        <div
        class=\"navbar-inner\">\n          <div class=\"container\">\n\n            <!--
        .btn-navbar is used as the toggle for collapsed navbar content -->\n            <a
        class=\"btn btn-navbar\" data-toggle=\"collapse\" data-target=\".nav-collapse\">\n
        \             <span class=\"icon-bar\"></span>\n              <span class=\"icon-bar\"></span>\n
        \             <span class=\"icon-bar\"></span>\n            </a>\n\n            <!--
        Be sure to leave the brand out there if you want it shown -->\n            <a
        class=\"brand\" href=\"/\">G5 Theme Garden</a>\n\n            <!-- Everything
        you want hidden at 940px or less, place within here -->\n            <div
        class=\"nav-collapse\">\n            </div>\n\n          </div>\n        </div>\n
        \     </div>\n\n\n      <article class=\"h-g5-component well\">\n  <header>\n
        \   <h2 class=\"p-name\">\n      <a href=\"http://g5-theme-garden.herokuapp.com/components/classic\"
        class=\"u-url u-uid\" rel=\"bookmark\">Classic</a>\n    </h2>\n    <p class=\"p-summary\">Tasteful
        and classic</p>\n      <p>\n        <a href=\"http://g5-theme-garden.herokuapp.com/static/components/classic/edit.html\"
        class=\"u-g5-edit-template u-url\">http://g5-theme-garden.herokuapp.com/static/components/classic/edit.html</a>\n
        \     </p>\n      <p>\n        <a href=\"http://g5-theme-garden.herokuapp.com/static/components/classic/show.html\"
        class=\"u-g5-show-template u-url\">http://g5-theme-garden.herokuapp.com/static/components/classic/show.html</a>\n
        \     </p>\n    <p>\n      <a href=\"http://g5-theme-garden.herokuapp.com/static/components/classic/images/thumbnail.png\"
        class=\"u-photo u-url\">http://g5-theme-garden.herokuapp.com/static/components/classic/images/thumbnail.png</a>\n
        \   </p>\n      <h3>Colors</h3>\n        <p class=\"p-g5-color\">#0095a0</p>\n
        \       <p class=\"p-g5-color\">#f68e56</p>\n      <h3>Images</h3>\n        <p>\n
        \         <a href=\"http://g5-theme-garden.herokuapp.com/static/components/classic/images/thumbnail.png\"
        class=\"u-g5-image u-url\">http://g5-theme-garden.herokuapp.com/static/components/classic/images/thumbnail.png</a>\n
        \       </p>\n\n\n      <h3>Styleheets</h3>\n        <p>\n          <a href=\"http://g5-theme-garden.herokuapp.com/static/components/classic/stylesheets/classic.scss\"
        class=\"u-g5-stylesheet u-url\">http://g5-theme-garden.herokuapp.com/static/components/classic/stylesheets/classic.scss</a>\n
        \       </p>\n  </header>\n  <hr>\n\n  <pre><code class=\"e-content\"></code></pre>\n</article>\n\n\n\n
        \   </div>\n  </body>\n</html>\n"
    http_version: 
  recorded_at: Wed, 09 Oct 2013 22:58:48 GMT
- request:
    method: get
    uri: http://g5-widget-garden.herokuapp.com/components/map
    body:
      encoding: US-ASCII
      string: ''
    headers:
      Accept:
      - ! '*/*'
      User-Agent:
      - Ruby
  response:
    status:
      code: 200
      message: OK
    headers:
      Cache-Control:
      - max-age=0, private, must-revalidate
      Content-Type:
      - text/html; charset=utf-8
      Date:
      - Wed, 09 Oct 2013 22:58:50 GMT
      Last-Modified:
      - Wed, 09 Oct 2013 22:50:48 GMT
      Server:
      - thin 1.5.1 codename Straight Razor
      Set-Cookie:
      - _g5_layout_garden_session=BAh7B0kiD3Nlc3Npb25faWQGOgZFRkkiJTg1NDEwOGQxY2FiMTY5NTJkOTU2MjY2YTc2OGRiMmQ4BjsAVEkiEF9jc3JmX3Rva2VuBjsARkkiMWgvVjQ4VjBwSVc1bXpOcFZ4WmJkeTZ2SVY1RUVxMVRQMjhJRWdHNGJOV289BjsARg%3D%3D--9fe98c33bbe0416170359c16dec8337b6c0cd8a3;
        path=/; HttpOnly
      X-Rack-Cache:
      - miss
      X-Request-Id:
      - 371844df3a239baa5f2b758dd5f31a0a
      X-Runtime:
      - '0.046288'
      X-Ua-Compatible:
      - IE=Edge,chrome=1
      Transfer-Encoding:
      - chunked
      Connection:
      - keep-alive
    body:
      encoding: US-ASCII
      string: ! "<!DOCTYPE html>\n<html>\n  <head>\n    <title>G5 Widget Garden</title>\n
        \   <link href=\"http://yandex.st/highlightjs/7.3/styles/default.min.css\"
        media=\"screen\" rel=\"stylesheet\" type=\"text/css\" />\n    <script src=\"http://yandex.st/highlightjs/7.3/highlight.min.js\"
        type=\"text/javascript\"></script>\n    <script type=\"text/javascript\">\n//<![CDATA[\nhljs.initHighlightingOnLoad();\n//]]>\n</script>\n
        \   <link href=\"/assets/application-dfa3a98742be7cb1637dcc657ac36ead.css\"
        media=\"screen\" rel=\"stylesheet\" type=\"text/css\" />\n    <script src=\"/assets/application-65099b4b230229006e07de1025148e2e.js\"
        type=\"text/javascript\"></script>\n    <meta content=\"authenticity_token\"
        name=\"csrf-param\" />\n<meta content=\"h/V48V0pIW5mzNpVxZbdy6vIV5EEq1TP28IEgG4bNWo=\"
        name=\"csrf-token\" />\n    <meta charset=\"utf8\" />\n    \n    \n    \n
        \ </head>\n  <body>\n    <div class=\"container-fluid\">\n\n      <div class=\"navbar\">\n
        \       <div class=\"navbar-inner\">\n          <div class=\"container\">\n\n
        \           <!-- .btn-navbar is used as the toggle for collapsed navbar content
        -->\n            <a class=\"btn btn-navbar\" data-toggle=\"collapse\" data-target=\".nav-collapse\">\n
        \             <span class=\"icon-bar\"></span>\n              <span class=\"icon-bar\"></span>\n
        \             <span class=\"icon-bar\"></span>\n            </a>\n\n            <!--
        Be sure to leave the brand out there if you want it shown -->\n            <a
        class=\"brand\" href=\"/\">G5 Widget Garden</a>\n\n            <!-- Everything
        you want hidden at 940px or less, place within here -->\n            <div
        class=\"nav-collapse\">\n              <ul class=\"nav\">\n              </ul>\n
        \           </div>\n\n          </div>\n        </div>\n      </div>\n\n\n
        \     <article class=\"h-g5-component well\">\n  <header>\n    <h2 class=\"p-name\">\n
        \     <a href=\"http://g5-widget-garden.herokuapp.com/components/map\" class=\"u-url
        u-uid\" rel=\"bookmark\">Map</a>\n    </h2>\n    <p class=\"p-summary\">Google
        map of business</p>\n      <p>\n        <a href=\"http://g5-widget-garden.herokuapp.com/static/components/map/edit.html\"
        class=\"u-g5-edit-template u-url\">http://g5-widget-garden.herokuapp.com/static/components/map/edit.html</a>\n
        \     </p>\n      <p>\n        <a href=\"http://g5-widget-garden.herokuapp.com/static/components/map/show.html\"
        class=\"u-g5-show-template u-url\">http://g5-widget-garden.herokuapp.com/static/components/map/show.html</a>\n
        \     </p>\n    <p>\n      <a href=\"http://g5-widget-garden.herokuapp.com/static/components/map/images/thumbnail.png\"
        class=\"u-photo u-url\">http://g5-widget-garden.herokuapp.com/static/components/map/images/thumbnail.png</a>\n
        \   </p>\n      <h3>Images</h3>\n        <p>\n          <a href=\"http://g5-widget-garden.herokuapp.com/static/components/map/images/thumbnail.png\"
        class=\"u-g5-image u-url\">http://g5-widget-garden.herokuapp.com/static/components/map/images/thumbnail.png</a>\n
        \       </p>\n\n      <h3>Javascripts</h3>\n\n      <p>\n        <a href=\"http://g5-widget-garden.herokuapp.com/static/components/map/javascripts/show.js\"
        class=\"u-g5-show-javascript u-url\">http://g5-widget-garden.herokuapp.com/static/components/map/javascripts/show.js</a>\n
        \     </p>\n      <h3>Styleheets</h3>\n        <p>\n          <a href=\"http://g5-widget-garden.herokuapp.com/static/components/map/stylesheets/map.css\"
        class=\"u-g5-stylesheet u-url\">http://g5-widget-garden.herokuapp.com/static/components/map/stylesheets/map.css</a>\n
        \       </p>\n      <ul class=\"unstyled\">\n          <li class=\"e-g5-property-group
        h-g5-property-group\">\n            <h3><span class=\"p-name\">Map</span>Property
        Group</h3>\n  <p class=\"p-category\">Instance</p>\n  <div class=\"row\">\n
        \   <div class=\"span5\">\n      <table class=\"table table-striped table-bordered
        e-g5-property h-g5-property\">\n        <tr>\n          <th>Name</th>\n          <td
        class=\"p-g5-name\">map_address</th>\n        </tr>\n          <tr>\n            <th
        style=\"width:40%\">Editable</th>\n            <td class=\"p-g5-editable\">\n
        \             true\n            </td>\n          </tr>\n          <tr>\n            <th
        style=\"width:40%\">Default Value</th>\n            <td class=\"p-g5-default-value\">\n
        \             550 NW Franklin Avenue, Bend, OR 97701\n            </td>\n
        \         </tr>\n      </table>\n    </div>\n  </div>\n  <div class=\"row\">\n
        \   <div class=\"span5\">\n      <table class=\"table table-striped table-bordered
        e-g5-property h-g5-property\">\n        <tr>\n          <th>Name</th>\n          <td
        class=\"p-g5-name\">map_type</th>\n        </tr>\n          <tr>\n            <th
        style=\"width:40%\">Editable</th>\n            <td class=\"p-g5-editable\">\n
        \             true\n            </td>\n          </tr>\n          <tr>\n            <th
        style=\"width:40%\">Default Value</th>\n            <td class=\"p-g5-default-value\">\n
        \             ROADMAP\n            </td>\n          </tr>\n      </table>\n
        \   </div>\n  </div>\n  <div class=\"row\">\n    <div class=\"span5\">\n      <table
        class=\"table table-striped table-bordered e-g5-property h-g5-property\">\n
        \       <tr>\n          <th>Name</th>\n          <td class=\"p-g5-name\">map_allow_pan_zoom</th>\n
        \       </tr>\n          <tr>\n            <th style=\"width:40%\">Editable</th>\n
        \           <td class=\"p-g5-editable\">\n              true\n            </td>\n
        \         </tr>\n          <tr>\n            <th style=\"width:40%\">Default
        Value</th>\n            <td class=\"p-g5-default-value\">\n              true\n
        \           </td>\n          </tr>\n      </table>\n    </div>\n  </div>\n\n
        \         </li>\n      </ul>\n  </header>\n  <hr>\n\n  <pre><code class=\"e-content\">&lt;!--
        BEGIN EDIT FORM MARKUP --&gt;\n&lt;form&gt;\n  &lt;div class=&quot;form-field&quot;&gt;\n
        \   {{ widget.map_address.id_hidden_field }}\n    &lt;label for=&quot;{{ widget.map_address.value_field_id
        }}&quot; &gt;\n      Address\n    &lt;/label&gt;\n    &lt;input type=&quot;text&quot;\n
        \     id=&quot;{{ widget.map_address.value_field_id }}&quot;\n      name=&quot;{{
        widget.map_address.value_field_name }}&quot;\n      value=&quot;{{ widget.map_address.best_value
        }}&quot;\n    /&gt;\n  &lt;/div&gt;\n\n  &lt;div class=&quot;form-field check-field&quot;&gt;\n
        \   &lt;fieldset&gt;\n      &lt;legend&gt;Map Type&lt;/legend&gt;\n      {{
        widget.map_type.id_hidden_field }}\n      &lt;input type=&quot;radio&quot;\n
        \       id=&quot;{{ widget.map_type.value_field_id }}_roadmap&quot;\n        name=&quot;{{
        widget.map_type.value_field_name }}&quot;\n        value=&quot;ROADMAP&quot;\n
        \       checked=&quot;checked&quot;\n      /&gt;\n      &lt;label for=&quot;{{
        widget.map_type.value_field_id }}_roadmap&quot; &gt;\n        Road Map\n      &lt;/label&gt;\n
        \     &lt;input type=&quot;radio&quot;\n        id=&quot;{{ widget.map_type.value_field_id
        }}_satellite&quot;\n        name=&quot;{{ widget.map_type.value_field_name
        }}&quot;\n        value=&quot;SATELLITE&quot;\n        {% if widget.map_type.best_value
        == &quot;SATELLITE&quot; %}\n        checked=&quot;checked&quot;\n        {%
        endif %}\n      /&gt;\n      &lt;label for=&quot;{{ widget.map_type.value_field_id
        }}_satellite&quot; &gt;\n        Satellite\n      &lt;/label&gt;\n    &lt;/fieldset&gt;\n
        \ &lt;/div&gt;\n\n  &lt;div class=&quot;form-field check-field&quot;&gt;\n
        \   {{ widget.map_allow_pan_zoom.id_hidden_field }}\n    &lt;input type=&quot;hidden&quot;\n
        \     id=&quot;{{ widget.map_allow_pan_zoom.value_field_id }}_false&quot;\n
        \     name=&quot;{{ widget.map_allow_pan_zoom.value_field_name }}&quot;\n
        \     value=&quot;false&quot;\n    /&gt;\n    &lt;input type=&quot;checkbox&quot;\n
        \     id=&quot;{{ widget.map_allow_pan_zoom.value_field_id }}&quot;\n      name=&quot;{{
        widget.map_allow_pan_zoom.value_field_name }}&quot;\n      value=&quot;true&quot;\n
        \     {% if widget.map_allow_pan_zoom.best_value == &quot;true&quot; %}\n
        \     checked=&quot;checked&quot;\n      {% endif %}\n    /&gt;\n    &lt;label
        for=&quot;{{ widget.map_allow_pan_zoom.value_field_id }}&quot; &gt;\n      map_allow
        Panning and Zooming\n    &lt;/label&gt;\n  &lt;/div&gt;\n\n  &lt;input type=&quot;submit&quot;
        value=&quot;Save&quot; class=&quot;btn&quot; /&gt;\n&lt;/form&gt;\n\n&lt;!--
        END EDIT FORM MARKUP --&gt;\n\n&lt;!-- BEGIN SHOW MARKUP --&gt;\n&lt;script
        id=&quot;map-config&quot; type=&quot;application/json&quot;&gt;\n  {\n    &quot;panZoom&quot;:
        {{ widget.map_allow_pan_zoom.best_value }},\n    &quot;address&quot;: &quot;{{
        widget.map_address.best_value }}&quot;,\n    &quot;mapType&quot;: &quot;{{
        widget.map_type.best_value }}&quot;\n  }\n&lt;/script&gt;\n\n&lt;div id=&quot;map-canvas&quot;
        class=&quot;widget map&quot;&gt;&lt;/div&gt;\n\n&lt;!-- END SHOW MARKUP --&gt;</code></pre>\n</article>\n\n\n\n
        \   </div>\n  </body>\n</html>\n"
    http_version: 
  recorded_at: Wed, 09 Oct 2013 22:58:49 GMT
- request:
    method: get
    uri: http://g5-widget-garden.herokuapp.com/static/components/map/show.html
    body:
      encoding: US-ASCII
      string: ''
    headers:
      Accept:
      - ! '*/*'
      User-Agent:
      - Ruby
  response:
    status:
      code: 200
      message: OK
    headers:
      Age:
      - '0'
      Content-Type:
      - text/html
      Date:
      - Wed, 09 Oct 2013 22:58:50 GMT
      Last-Modified:
      - Wed, 09 Oct 2013 22:50:48 GMT
      Server:
      - thin 1.5.1 codename Straight Razor
      X-Content-Digest:
      - 32d86e520746bd687f068b1fd8b7607226125c1c
      X-Rack-Cache:
      - stale, valid, store
      Content-Length:
      - '278'
      Connection:
      - keep-alive
    body:
      encoding: US-ASCII
      string: ! "<script id=\"map-config\" type=\"application/json\">\n  {\n    \"panZoom\":
        {{ widget.map_allow_pan_zoom.best_value }},\n    \"address\": \"{{ widget.map_address.best_value
        }}\",\n    \"mapType\": \"{{ widget.map_type.best_value }}\"\n  }\n</script>\n\n<div
        id=\"map-canvas\" class=\"widget map\"></div>\n"
    http_version: 
  recorded_at: Wed, 09 Oct 2013 22:58:49 GMT
- request:
    method: get
    uri: http://g5-widget-garden.herokuapp.com/static/components/map/edit.html
    body:
      encoding: US-ASCII
      string: ''
    headers:
      Accept:
      - ! '*/*'
      User-Agent:
      - Ruby
  response:
    status:
      code: 200
      message: OK
    headers:
      Age:
      - '0'
      Content-Type:
      - text/html
      Date:
      - Wed, 09 Oct 2013 22:58:50 GMT
      Last-Modified:
      - Wed, 09 Oct 2013 22:50:48 GMT
      Server:
      - thin 1.5.1 codename Straight Razor
      X-Content-Digest:
      - b7d2d7be753052af2da95417e4b0636d6e921b42
      X-Rack-Cache:
      - stale, valid, store
      Content-Length:
      - '1923'
      Connection:
      - keep-alive
    body:
      encoding: US-ASCII
      string: ! "<form>\n  <div class=\"form-field\">\n    {{ widget.map_address.id_hidden_field
        }}\n    <label for=\"{{ widget.map_address.value_field_id }}\" >\n      Address\n
        \   </label>\n    <input type=\"text\"\n      id=\"{{ widget.map_address.value_field_id
        }}\"\n      name=\"{{ widget.map_address.value_field_name }}\"\n      value=\"{{
        widget.map_address.best_value }}\"\n    />\n  </div>\n\n  <div class=\"form-field
        check-field\">\n    <fieldset>\n      <legend>Map Type</legend>\n      {{
        widget.map_type.id_hidden_field }}\n      <input type=\"radio\"\n        id=\"{{
        widget.map_type.value_field_id }}_roadmap\"\n        name=\"{{ widget.map_type.value_field_name
        }}\"\n        value=\"ROADMAP\"\n        checked=\"checked\"\n      />\n      <label
        for=\"{{ widget.map_type.value_field_id }}_roadmap\" >\n        Road Map\n
        \     </label>\n      <input type=\"radio\"\n        id=\"{{ widget.map_type.value_field_id
        }}_satellite\"\n        name=\"{{ widget.map_type.value_field_name }}\"\n
        \       value=\"SATELLITE\"\n        {% if widget.map_type.best_value == \"SATELLITE\"
        %}\n        checked=\"checked\"\n        {% endif %}\n      />\n      <label
        for=\"{{ widget.map_type.value_field_id }}_satellite\" >\n        Satellite\n
        \     </label>\n    </fieldset>\n  </div>\n\n  <div class=\"form-field check-field\">\n
        \   {{ widget.map_allow_pan_zoom.id_hidden_field }}\n    <input type=\"hidden\"\n
        \     id=\"{{ widget.map_allow_pan_zoom.value_field_id }}_false\"\n      name=\"{{
        widget.map_allow_pan_zoom.value_field_name }}\"\n      value=\"false\"\n    />\n
        \   <input type=\"checkbox\"\n      id=\"{{ widget.map_allow_pan_zoom.value_field_id
        }}\"\n      name=\"{{ widget.map_allow_pan_zoom.value_field_name }}\"\n      value=\"true\"\n
        \     {% if widget.map_allow_pan_zoom.best_value == \"true\" %}\n      checked=\"checked\"\n
        \     {% endif %}\n    />\n    <label for=\"{{ widget.map_allow_pan_zoom.value_field_id
        }}\" >\n      map_allow Panning and Zooming\n    </label>\n  </div>\n\n  <input
        type=\"submit\" value=\"Save\" class=\"btn\" />\n</form>\n"
    http_version: 
  recorded_at: Wed, 09 Oct 2013 22:58:49 GMT
recorded_with: VCR 2.6.0
