---
http_interactions:
- request:
    method: get
    uri: http://g5-layout-garden.herokuapp.com/components/main-first-sidebar-left
    body:
      encoding: US-ASCII
      string: ''
    headers:
      Accept:
      - ! '*/*'
      User-Agent:
      - Ruby
  response:
    status:
      code: 200
      message: OK
    headers:
      Cache-Control:
      - max-age=0, private, must-revalidate
      Content-Type:
      - text/html; charset=utf-8
      Date:
      - Tue, 12 Nov 2013 20:20:42 GMT
      Last-Modified:
      - Wed, 06 Nov 2013 23:51:31 GMT
      Server:
      - thin 1.5.0 codename Knife
      Set-Cookie:
      - _g5_layout_garden_session=BAh7B0kiD3Nlc3Npb25faWQGOgZFRkkiJTUxNGE5YmQyNmYzYjRhODAxNTUxOWZlMmMzZDcwZmRhBjsAVEkiEF9jc3JmX3Rva2VuBjsARkkiMTRhaEZQK3pBZVV1VS9vc201TE0vZHQzdXRWWEpVcVhtY2I3ejQ2NWIwbVE9BjsARg%3D%3D--f58b4621abd312a3d9fa7ab0a400b7dcf2bd6ee6;
        path=/; HttpOnly
      X-Rack-Cache:
      - miss
      X-Request-Id:
      - da99c5b53482bf4f7b9d5b9de21e50de
      X-Runtime:
      - '0.015749'
      X-Ua-Compatible:
      - IE=Edge,chrome=1
      Transfer-Encoding:
      - chunked
      Connection:
      - keep-alive
    body:
      encoding: US-ASCII
      string: ! "<!DOCTYPE html>\n<html>\n  <head>\n    <title>G5 Layout Garden</title>\n
        \   <link href=\"http://yandex.st/highlightjs/7.3/styles/default.min.css\"
        media=\"screen\" rel=\"stylesheet\" type=\"text/css\" />\n    <script src=\"http://yandex.st/highlightjs/7.3/highlight.min.js\"
        type=\"text/javascript\"></script>\n    <script type=\"text/javascript\">\n//<![CDATA[\nhljs.initHighlightingOnLoad();\n//]]>\n</script>\n
        \   <link href=\"/assets/application-be2d25472cea7722f19bc4bf751b4c89.css\"
        media=\"screen\" rel=\"stylesheet\" type=\"text/css\" />\n    <script src=\"/assets/application-c4200ed6acb86de22efe2d5e2e7374eb.js\"
        type=\"text/javascript\"></script>\n    <meta content=\"authenticity_token\"
        name=\"csrf-param\" />\n<meta content=\"4ahFP+zAeUuU/osm5LM/dt3utVXJUqXmcb7z465b0mQ=\"
        name=\"csrf-token\" />\n    <meta charset=\"utf8\" />\n  </head>\n  <body>\n
        \   <div class=\"container-fluid\">\n\n      <div class=\"navbar\">\n        <div
        class=\"navbar-inner\">\n          <div class=\"container\">\n\n            <!--
        .btn-navbar is used as the toggle for collapsed navbar content -->\n            <a
        class=\"btn btn-navbar\" data-toggle=\"collapse\" data-target=\".nav-collapse\">\n
        \             <span class=\"icon-bar\"></span>\n              <span class=\"icon-bar\"></span>\n
        \             <span class=\"icon-bar\"></span>\n            </a>\n\n            <!--
        Be sure to leave the brand out there if you want it shown -->\n            <a
        class=\"brand\" href=\"/\">G5 Layout Garden</a>\n\n            <!-- Everything
        you want hidden at 940px or less, place within here -->\n            <div
        class=\"nav-collapse\">\n              <ul class=\"nav\">\n              </ul>\n
        \           </div>\n\n          </div>\n        </div>\n      </div>\n\n\n
        \     <article class=\"h-g5-component well\">\n  <header>\n    <h2 class=\"p-name\">\n
        \     <a href=\"http://g5-layout-garden.herokuapp.com/components/main-first-sidebar-left\"
        class=\"u-url u-uid\" rel=\"bookmark\">Main First Sidebar Left</a>\n    </h2>\n
        \   <p class=\"p-summary\">Sidebar left layout. Main section on top of sidebar
        in mobile</p>\n      <p>\n        <a href=\"http://g5-layout-garden.herokuapp.com/static/components/main-first-sidebar-left/edit.html\"
        class=\"u-g5-edit-template u-url\">http://g5-layout-garden.herokuapp.com/static/components/main-first-sidebar-left/edit.html</a>\n
        \     </p>\n      <p>\n        <a href=\"http://g5-layout-garden.herokuapp.com/static/components/main-first-sidebar-left/show.html\"
        class=\"u-g5-show-template u-url\">http://g5-layout-garden.herokuapp.com/static/components/main-first-sidebar-left/show.html</a>\n
        \     </p>\n    <p>\n      <a href=\"http://g5-layout-garden.herokuapp.com/static/components/main-first-sidebar-left/images/thumbnail.png\"
        class=\"u-photo u-url\">http://g5-layout-garden.herokuapp.com/static/components/main-first-sidebar-left/images/thumbnail.png</a>\n
        \   </p>\n      <h3>Images</h3>\n        <p>\n          <a href=\"http://g5-layout-garden.herokuapp.com/static/components/main-first-sidebar-left/images/thumbnail.png\"
        class=\"u-g5-image u-url\">http://g5-layout-garden.herokuapp.com/static/components/main-first-sidebar-left/images/thumbnail.png</a>\n
        \       </p>\n\n\n      <h3>Styleheets</h3>\n        <p>\n          <a href=\"http://g5-layout-garden.herokuapp.com/static/components/main-first-sidebar-left/stylesheets/layout-side-left.css\"
        class=\"u-g5-stylesheet u-url\">http://g5-layout-garden.herokuapp.com/static/components/main-first-sidebar-left/stylesheets/layout-side-left.css</a>\n
        \       </p>\n  </header>\n  <hr>\n\n  <pre><code class=\"e-content\">&lt;div
        class=&quot;layout-side-left layout&quot;&gt;\n\n      &lt;header role=&quot;banner&quot;&gt;&lt;div
        class=&quot;content&quot;&gt;\n\n          &lt;div id=&quot;drop-target-logo&quot;&gt;&lt;!--
        place logo widget here --&gt;&lt;/div&gt;\n\n          &lt;div class=&quot;navigation-container
        collapsable&quot;&gt;\n\n            &lt;div class=&quot;buttons&quot;&gt;\n
        \             &lt;span id=&quot;drop-target-phone&quot;&gt;&lt;!-- phone widget
        here --&gt;&lt;/span&gt;\n              &lt;span id=&quot;drop-target-btn&quot;&gt;&lt;!--
        btn widget here --&gt;&lt;/span&gt;\n              &lt;a class=&quot;collapsable-btn
        btn&quot; data-toggle=&quot;collapse&quot; data-target=&quot;.collapsable-content&quot;&gt;&lt;span
        class=&quot;text&quot;&gt;Menu&lt;/span&gt;&lt;span class=&quot;bars&quot;&gt;&lt;span&gt;&lt;/span&gt;&lt;span&gt;&lt;/span&gt;&lt;span&gt;&lt;/span&gt;&lt;/span&gt;&lt;/a&gt;\n
        \           &lt;/div&gt;\n\n            &lt;div id=&quot;drop-target-nav&quot;
        class=&quot;collapsable-content&quot;&gt;&lt;!-- nav widget here --&gt;&lt;/div&gt;\n\n
        \         &lt;/div&gt;\n        &lt;/div&gt;\n      &lt;/header&gt;&lt;div
        class=&quot;wrapper&quot;&gt;\n        &lt;div class=&quot;content&quot;&gt;\n\n
        \         &lt;section role=&quot;main&quot; id=&quot;drop-target-main&quot;&gt;&lt;/section&gt;&lt;aside
        role=&quot;complementary&quot; id=&quot;drop-target-aside&quot;&gt;&lt;/aside&gt;\n&lt;/div&gt;\n
        \     &lt;/div&gt;\n\n      &lt;footer role=&quot;contentinfo&quot;&gt;&lt;div
        id=&quot;drop-target-footer&quot; class=&quot;content&quot;&gt;&lt;/div&gt;\n
        \     &lt;/footer&gt;\n&lt;/div&gt;</code></pre>\n</article>\n\n\n\n    </div>\n
        \ </body>\n</html>\n"
    http_version: 
  recorded_at: Tue, 12 Nov 2013 20:20:42 GMT
- request:
    method: get
    uri: http://g5-layout-garden.herokuapp.com/components/main-first-sidebar-left
    body:
      encoding: US-ASCII
      string: ''
    headers:
      Accept:
      - ! '*/*'
      User-Agent:
      - Ruby
  response:
    status:
      code: 200
      message: OK
    headers:
      Cache-Control:
      - max-age=0, private, must-revalidate
      Content-Type:
      - text/html; charset=utf-8
      Date:
      - Tue, 12 Nov 2013 20:20:42 GMT
      Last-Modified:
      - Wed, 06 Nov 2013 23:51:31 GMT
      Server:
      - thin 1.5.0 codename Knife
      Set-Cookie:
      - _g5_layout_garden_session=BAh7B0kiD3Nlc3Npb25faWQGOgZFRkkiJTRkYjUxYjU5Yzc5MTgxMGQ2OTczMzNiN2RmZTM0NDA2BjsAVEkiEF9jc3JmX3Rva2VuBjsARkkiMW0vQjBDQXByU3dkYklLTkVuMHY3N2xqL3FyYjl0RGUyc0RlWVpSNVVMTkE9BjsARg%3D%3D--340b61662a032e150f5572d2fbec24d7c65f1ef2;
        path=/; HttpOnly
      X-Rack-Cache:
      - miss
      X-Request-Id:
      - c0048e982114be73ab54b62e8e4802a7
      X-Runtime:
      - '0.016146'
      X-Ua-Compatible:
      - IE=Edge,chrome=1
      Transfer-Encoding:
      - chunked
      Connection:
      - keep-alive
    body:
      encoding: US-ASCII
      string: ! "<!DOCTYPE html>\n<html>\n  <head>\n    <title>G5 Layout Garden</title>\n
        \   <link href=\"http://yandex.st/highlightjs/7.3/styles/default.min.css\"
        media=\"screen\" rel=\"stylesheet\" type=\"text/css\" />\n    <script src=\"http://yandex.st/highlightjs/7.3/highlight.min.js\"
        type=\"text/javascript\"></script>\n    <script type=\"text/javascript\">\n//<![CDATA[\nhljs.initHighlightingOnLoad();\n//]]>\n</script>\n
        \   <link href=\"/assets/application-be2d25472cea7722f19bc4bf751b4c89.css\"
        media=\"screen\" rel=\"stylesheet\" type=\"text/css\" />\n    <script src=\"/assets/application-c4200ed6acb86de22efe2d5e2e7374eb.js\"
        type=\"text/javascript\"></script>\n    <meta content=\"authenticity_token\"
        name=\"csrf-param\" />\n<meta content=\"m/B0CAprSwdbIKNEn0v77lj/qrb9tDe2sDeYZR5ULNA=\"
        name=\"csrf-token\" />\n    <meta charset=\"utf8\" />\n  </head>\n  <body>\n
        \   <div class=\"container-fluid\">\n\n      <div class=\"navbar\">\n        <div
        class=\"navbar-inner\">\n          <div class=\"container\">\n\n            <!--
        .btn-navbar is used as the toggle for collapsed navbar content -->\n            <a
        class=\"btn btn-navbar\" data-toggle=\"collapse\" data-target=\".nav-collapse\">\n
        \             <span class=\"icon-bar\"></span>\n              <span class=\"icon-bar\"></span>\n
        \             <span class=\"icon-bar\"></span>\n            </a>\n\n            <!--
        Be sure to leave the brand out there if you want it shown -->\n            <a
        class=\"brand\" href=\"/\">G5 Layout Garden</a>\n\n            <!-- Everything
        you want hidden at 940px or less, place within here -->\n            <div
        class=\"nav-collapse\">\n              <ul class=\"nav\">\n              </ul>\n
        \           </div>\n\n          </div>\n        </div>\n      </div>\n\n\n
        \     <article class=\"h-g5-component well\">\n  <header>\n    <h2 class=\"p-name\">\n
        \     <a href=\"http://g5-layout-garden.herokuapp.com/components/main-first-sidebar-left\"
        class=\"u-url u-uid\" rel=\"bookmark\">Main First Sidebar Left</a>\n    </h2>\n
        \   <p class=\"p-summary\">Sidebar left layout. Main section on top of sidebar
        in mobile</p>\n      <p>\n        <a href=\"http://g5-layout-garden.herokuapp.com/static/components/main-first-sidebar-left/edit.html\"
        class=\"u-g5-edit-template u-url\">http://g5-layout-garden.herokuapp.com/static/components/main-first-sidebar-left/edit.html</a>\n
        \     </p>\n      <p>\n        <a href=\"http://g5-layout-garden.herokuapp.com/static/components/main-first-sidebar-left/show.html\"
        class=\"u-g5-show-template u-url\">http://g5-layout-garden.herokuapp.com/static/components/main-first-sidebar-left/show.html</a>\n
        \     </p>\n    <p>\n      <a href=\"http://g5-layout-garden.herokuapp.com/static/components/main-first-sidebar-left/images/thumbnail.png\"
        class=\"u-photo u-url\">http://g5-layout-garden.herokuapp.com/static/components/main-first-sidebar-left/images/thumbnail.png</a>\n
        \   </p>\n      <h3>Images</h3>\n        <p>\n          <a href=\"http://g5-layout-garden.herokuapp.com/static/components/main-first-sidebar-left/images/thumbnail.png\"
        class=\"u-g5-image u-url\">http://g5-layout-garden.herokuapp.com/static/components/main-first-sidebar-left/images/thumbnail.png</a>\n
        \       </p>\n\n\n      <h3>Styleheets</h3>\n        <p>\n          <a href=\"http://g5-layout-garden.herokuapp.com/static/components/main-first-sidebar-left/stylesheets/layout-side-left.css\"
        class=\"u-g5-stylesheet u-url\">http://g5-layout-garden.herokuapp.com/static/components/main-first-sidebar-left/stylesheets/layout-side-left.css</a>\n
        \       </p>\n  </header>\n  <hr>\n\n  <pre><code class=\"e-content\">&lt;div
        class=&quot;layout-side-left layout&quot;&gt;\n\n      &lt;header role=&quot;banner&quot;&gt;&lt;div
        class=&quot;content&quot;&gt;\n\n          &lt;div id=&quot;drop-target-logo&quot;&gt;&lt;!--
        place logo widget here --&gt;&lt;/div&gt;\n\n          &lt;div class=&quot;navigation-container
        collapsable&quot;&gt;\n\n            &lt;div class=&quot;buttons&quot;&gt;\n
        \             &lt;span id=&quot;drop-target-phone&quot;&gt;&lt;!-- phone widget
        here --&gt;&lt;/span&gt;\n              &lt;span id=&quot;drop-target-btn&quot;&gt;&lt;!--
        btn widget here --&gt;&lt;/span&gt;\n              &lt;a class=&quot;collapsable-btn
        btn&quot; data-toggle=&quot;collapse&quot; data-target=&quot;.collapsable-content&quot;&gt;&lt;span
        class=&quot;text&quot;&gt;Menu&lt;/span&gt;&lt;span class=&quot;bars&quot;&gt;&lt;span&gt;&lt;/span&gt;&lt;span&gt;&lt;/span&gt;&lt;span&gt;&lt;/span&gt;&lt;/span&gt;&lt;/a&gt;\n
        \           &lt;/div&gt;\n\n            &lt;div id=&quot;drop-target-nav&quot;
        class=&quot;collapsable-content&quot;&gt;&lt;!-- nav widget here --&gt;&lt;/div&gt;\n\n
        \         &lt;/div&gt;\n        &lt;/div&gt;\n      &lt;/header&gt;&lt;div
        class=&quot;wrapper&quot;&gt;\n        &lt;div class=&quot;content&quot;&gt;\n\n
        \         &lt;section role=&quot;main&quot; id=&quot;drop-target-main&quot;&gt;&lt;/section&gt;&lt;aside
        role=&quot;complementary&quot; id=&quot;drop-target-aside&quot;&gt;&lt;/aside&gt;\n&lt;/div&gt;\n
        \     &lt;/div&gt;\n\n      &lt;footer role=&quot;contentinfo&quot;&gt;&lt;div
        id=&quot;drop-target-footer&quot; class=&quot;content&quot;&gt;&lt;/div&gt;\n
        \     &lt;/footer&gt;\n&lt;/div&gt;</code></pre>\n</article>\n\n\n\n    </div>\n
        \ </body>\n</html>\n"
    http_version: 
  recorded_at: Tue, 12 Nov 2013 20:20:42 GMT
- request:
    method: get
    uri: http://g5-theme-garden.herokuapp.com/components/big-picture
    body:
      encoding: US-ASCII
      string: ''
    headers:
      Accept:
      - ! '*/*'
      User-Agent:
      - Ruby
  response:
    status:
      code: 200
      message: OK
    headers:
      Cache-Control:
      - max-age=0, private, must-revalidate
      Content-Type:
      - text/html; charset=utf-8
      Date:
      - Tue, 12 Nov 2013 20:20:43 GMT
      Last-Modified:
      - Wed, 06 Nov 2013 22:15:25 GMT
      Server:
      - thin 1.5.0 codename Knife
      Set-Cookie:
      - _g5_layout_garden_session=BAh7B0kiD3Nlc3Npb25faWQGOgZFRkkiJTc0MDQwYTI5NjJlNDRlYmYyNmQ4MGQyY2NjZWVmNDVmBjsAVEkiEF9jc3JmX3Rva2VuBjsARkkiMXpoMVFEd1NGdEgvdWoyZkRVaHBKT0JmR1ZES05wbFZHNWtHV3MyUUsxSlk9BjsARg%3D%3D--d2c520dca5225bd312085d0bfadfa65c33b9941a;
        path=/; HttpOnly
      X-Rack-Cache:
      - miss
      X-Request-Id:
      - 43b96288fa543ecea6503f56376f18cb
      X-Runtime:
      - '0.045616'
      X-Ua-Compatible:
      - IE=Edge,chrome=1
      Transfer-Encoding:
      - chunked
      Connection:
      - keep-alive
    body:
      encoding: US-ASCII
      string: ! "<!DOCTYPE html>\n<html>\n  <head>\n    <title>G5 Theme Garden</title>\n
        \   <link href=\"http://yandex.st/highlightjs/7.3/styles/default.min.css\"
        media=\"screen\" rel=\"stylesheet\" type=\"text/css\" />\n    <script src=\"http://yandex.st/highlightjs/7.3/highlight.min.js\"
        type=\"text/javascript\"></script>\n    <script type=\"text/javascript\">\n//<![CDATA[\nhljs.initHighlightingOnLoad();\n//]]>\n</script>\n
        \   <link href=\"/assets/application-be2d25472cea7722f19bc4bf751b4c89.css\"
        media=\"screen\" rel=\"stylesheet\" type=\"text/css\" />\n    <script src=\"/assets/application-c4200ed6acb86de22efe2d5e2e7374eb.js\"
        type=\"text/javascript\"></script>\n    <meta content=\"authenticity_token\"
        name=\"csrf-param\" />\n<meta content=\"zh1QDwSFtH/uj2fDUhpJOBfGVDKNplVG5kGWs2QK1JY=\"
        name=\"csrf-token\" />\n    <meta charset=\"utf8\" />\n  </head>\n  <body>\n
        \   <div class=\"container-fluid\">\n\n      <div class=\"navbar\">\n        <div
        class=\"navbar-inner\">\n          <div class=\"container\">\n\n            <!--
        .btn-navbar is used as the toggle for collapsed navbar content -->\n            <a
        class=\"btn btn-navbar\" data-toggle=\"collapse\" data-target=\".nav-collapse\">\n
        \             <span class=\"icon-bar\"></span>\n              <span class=\"icon-bar\"></span>\n
        \             <span class=\"icon-bar\"></span>\n            </a>\n\n            <!--
        Be sure to leave the brand out there if you want it shown -->\n            <a
        class=\"brand\" href=\"/\">G5 Theme Garden</a>\n\n            <!-- Everything
        you want hidden at 940px or less, place within here -->\n            <div
        class=\"nav-collapse\">\n            </div>\n\n          </div>\n        </div>\n
        \     </div>\n\n\n      <article class=\"h-g5-component well\">\n  <header>\n
        \   <h2 class=\"p-name\">\n      <a href=\"http://g5-theme-garden.herokuapp.com/components/big-picture\"
        class=\"u-url u-uid\" rel=\"bookmark\">Big Picture</a>\n    </h2>\n    <p
        class=\"p-summary\">Features large photos</p>\n      <p>\n        <a href=\"http://g5-theme-garden.herokuapp.com/static/components/big-picture/edit.html\"
        class=\"u-g5-edit-template u-url\">http://g5-theme-garden.herokuapp.com/static/components/big-picture/edit.html</a>\n
        \     </p>\n      <p>\n        <a href=\"http://g5-theme-garden.herokuapp.com/static/components/big-picture/show.html\"
        class=\"u-g5-show-template u-url\">http://g5-theme-garden.herokuapp.com/static/components/big-picture/show.html</a>\n
        \     </p>\n    <p>\n      <a href=\"http://g5-theme-garden.herokuapp.com/static/components/big-picture/images/thumbnail.png\"
        class=\"u-photo u-url\">http://g5-theme-garden.herokuapp.com/static/components/big-picture/images/thumbnail.png</a>\n
        \   </p>\n      <h3>Colors</h3>\n        <p class=\"p-g5-color\">#283f54</p>\n
        \       <p class=\"p-g5-color\">#dfb803</p>\n      <h3>Images</h3>\n        <p>\n
        \         <a href=\"http://g5-theme-garden.herokuapp.com/static/components/big-picture/images/thumbnail.png\"
        class=\"u-g5-image u-url\">http://g5-theme-garden.herokuapp.com/static/components/big-picture/images/thumbnail.png</a>\n
        \       </p>\n\n\n      <h3>Styleheets</h3>\n        <p>\n          <a href=\"http://g5-theme-garden.herokuapp.com/static/components/big-picture/stylesheets/big-picture.scss\"
        class=\"u-g5-stylesheet u-url\">http://g5-theme-garden.herokuapp.com/static/components/big-picture/stylesheets/big-picture.scss</a>\n
        \       </p>\n  </header>\n  <hr>\n\n  <pre><code class=\"e-content\"></code></pre>\n</article>\n\n\n\n
        \   </div>\n  </body>\n</html>\n"
    http_version: 
  recorded_at: Tue, 12 Nov 2013 20:20:43 GMT
- request:
    method: get
    uri: http://g5-theme-garden.herokuapp.com/components/big-picture
    body:
      encoding: US-ASCII
      string: ''
    headers:
      Accept:
      - ! '*/*'
      User-Agent:
      - Ruby
  response:
    status:
      code: 200
      message: OK
    headers:
      Cache-Control:
      - max-age=0, private, must-revalidate
      Content-Type:
      - text/html; charset=utf-8
      Date:
      - Tue, 12 Nov 2013 20:20:43 GMT
      Last-Modified:
      - Wed, 06 Nov 2013 22:15:25 GMT
      Server:
      - thin 1.5.0 codename Knife
      Set-Cookie:
      - _g5_layout_garden_session=BAh7B0kiD3Nlc3Npb25faWQGOgZFRkkiJWFlZWFhMDZiMTc0Zjk1ZGI5NDExMGU0OWRmNTg2ZTdhBjsAVEkiEF9jc3JmX3Rva2VuBjsARkkiMWFFVlVienFXNDQvaUN3WWx3TEZuZ1hHK3FlSXNVQWtFNm45Tmpnc3ZyQzg9BjsARg%3D%3D--9ca9bf0a639f874d71f2bc97118e892b5f11fd4f;
        path=/; HttpOnly
      X-Rack-Cache:
      - miss
      X-Request-Id:
      - 0e5096dc8d4a5969b91261710aa2a1a9
      X-Runtime:
      - '0.046029'
      X-Ua-Compatible:
      - IE=Edge,chrome=1
      Transfer-Encoding:
      - chunked
      Connection:
      - keep-alive
    body:
      encoding: US-ASCII
      string: ! "<!DOCTYPE html>\n<html>\n  <head>\n    <title>G5 Theme Garden</title>\n
        \   <link href=\"http://yandex.st/highlightjs/7.3/styles/default.min.css\"
        media=\"screen\" rel=\"stylesheet\" type=\"text/css\" />\n    <script src=\"http://yandex.st/highlightjs/7.3/highlight.min.js\"
        type=\"text/javascript\"></script>\n    <script type=\"text/javascript\">\n//<![CDATA[\nhljs.initHighlightingOnLoad();\n//]]>\n</script>\n
        \   <link href=\"/assets/application-be2d25472cea7722f19bc4bf751b4c89.css\"
        media=\"screen\" rel=\"stylesheet\" type=\"text/css\" />\n    <script src=\"/assets/application-c4200ed6acb86de22efe2d5e2e7374eb.js\"
        type=\"text/javascript\"></script>\n    <meta content=\"authenticity_token\"
        name=\"csrf-param\" />\n<meta content=\"aEVUbzqW44/iCwYlwLFngXG+qeIsUAkE6n9NjgsvrC8=\"
        name=\"csrf-token\" />\n    <meta charset=\"utf8\" />\n  </head>\n  <body>\n
        \   <div class=\"container-fluid\">\n\n      <div class=\"navbar\">\n        <div
        class=\"navbar-inner\">\n          <div class=\"container\">\n\n            <!--
        .btn-navbar is used as the toggle for collapsed navbar content -->\n            <a
        class=\"btn btn-navbar\" data-toggle=\"collapse\" data-target=\".nav-collapse\">\n
        \             <span class=\"icon-bar\"></span>\n              <span class=\"icon-bar\"></span>\n
        \             <span class=\"icon-bar\"></span>\n            </a>\n\n            <!--
        Be sure to leave the brand out there if you want it shown -->\n            <a
        class=\"brand\" href=\"/\">G5 Theme Garden</a>\n\n            <!-- Everything
        you want hidden at 940px or less, place within here -->\n            <div
        class=\"nav-collapse\">\n            </div>\n\n          </div>\n        </div>\n
        \     </div>\n\n\n      <article class=\"h-g5-component well\">\n  <header>\n
        \   <h2 class=\"p-name\">\n      <a href=\"http://g5-theme-garden.herokuapp.com/components/big-picture\"
        class=\"u-url u-uid\" rel=\"bookmark\">Big Picture</a>\n    </h2>\n    <p
        class=\"p-summary\">Features large photos</p>\n      <p>\n        <a href=\"http://g5-theme-garden.herokuapp.com/static/components/big-picture/edit.html\"
        class=\"u-g5-edit-template u-url\">http://g5-theme-garden.herokuapp.com/static/components/big-picture/edit.html</a>\n
        \     </p>\n      <p>\n        <a href=\"http://g5-theme-garden.herokuapp.com/static/components/big-picture/show.html\"
        class=\"u-g5-show-template u-url\">http://g5-theme-garden.herokuapp.com/static/components/big-picture/show.html</a>\n
        \     </p>\n    <p>\n      <a href=\"http://g5-theme-garden.herokuapp.com/static/components/big-picture/images/thumbnail.png\"
        class=\"u-photo u-url\">http://g5-theme-garden.herokuapp.com/static/components/big-picture/images/thumbnail.png</a>\n
        \   </p>\n      <h3>Colors</h3>\n        <p class=\"p-g5-color\">#283f54</p>\n
        \       <p class=\"p-g5-color\">#dfb803</p>\n      <h3>Images</h3>\n        <p>\n
        \         <a href=\"http://g5-theme-garden.herokuapp.com/static/components/big-picture/images/thumbnail.png\"
        class=\"u-g5-image u-url\">http://g5-theme-garden.herokuapp.com/static/components/big-picture/images/thumbnail.png</a>\n
        \       </p>\n\n\n      <h3>Styleheets</h3>\n        <p>\n          <a href=\"http://g5-theme-garden.herokuapp.com/static/components/big-picture/stylesheets/big-picture.scss\"
        class=\"u-g5-stylesheet u-url\">http://g5-theme-garden.herokuapp.com/static/components/big-picture/stylesheets/big-picture.scss</a>\n
        \       </p>\n  </header>\n  <hr>\n\n  <pre><code class=\"e-content\"></code></pre>\n</article>\n\n\n\n
        \   </div>\n  </body>\n</html>\n"
    http_version: 
  recorded_at: Tue, 12 Nov 2013 20:20:43 GMT
- request:
    method: get
    uri: http://g5-widget-garden.herokuapp.com/components/contact-form
    body:
      encoding: US-ASCII
      string: ''
    headers:
      Accept:
      - ! '*/*'
      User-Agent:
      - Ruby
  response:
    status:
      code: 200
      message: OK
    headers:
      Cache-Control:
      - max-age=0, private, must-revalidate
      Content-Type:
      - text/html; charset=utf-8
      Date:
      - Tue, 12 Nov 2013 20:20:44 GMT
      Last-Modified:
      - Tue, 12 Nov 2013 19:59:11 GMT
      Server:
      - thin 1.5.1 codename Straight Razor
      Set-Cookie:
      - _g5_layout_garden_session=BAh7B0kiD3Nlc3Npb25faWQGOgZFRkkiJWM5NTJiYTE4NGM5MjBhMWVhMGM4YjM2MDE4YzJmYzM0BjsAVEkiEF9jc3JmX3Rva2VuBjsARkkiMTZ2WnIySFpVMmlWaENnWThWUXRJTXJvZ3RUSlpkRE4vaTFHVHdkbkFzNWM9BjsARg%3D%3D--6f4ab8a895d8971ce8b63f6d4c0ef9d9e213f841;
        path=/; HttpOnly
      X-Rack-Cache:
      - miss
      X-Request-Id:
      - 02da24456befdcbf587275af035985c1
      X-Runtime:
      - '0.074656'
      X-Ua-Compatible:
      - IE=Edge,chrome=1
      Transfer-Encoding:
      - chunked
      Connection:
      - keep-alive
    body:
      encoding: US-ASCII
      string: ! "<!DOCTYPE html>\n<html>\n  <head>\n    <title>G5 Widget Garden</title>\n
        \   <link href=\"http://yandex.st/highlightjs/7.3/styles/default.min.css\"
        media=\"screen\" rel=\"stylesheet\" type=\"text/css\" />\n    <script src=\"http://yandex.st/highlightjs/7.3/highlight.min.js\"
        type=\"text/javascript\"></script>\n    <script type=\"text/javascript\">\n//<![CDATA[\nhljs.initHighlightingOnLoad();\n//]]>\n</script>\n
        \   <link href=\"/assets/application-dfa3a98742be7cb1637dcc657ac36ead.css\"
        media=\"screen\" rel=\"stylesheet\" type=\"text/css\" />\n    <script src=\"/assets/application-65099b4b230229006e07de1025148e2e.js\"
        type=\"text/javascript\"></script>\n    <meta content=\"authenticity_token\"
        name=\"csrf-param\" />\n<meta content=\"6vZr2HZU2iVhCgY8VQtIMrogtTJZdDN/i1GTwdnAs5c=\"
        name=\"csrf-token\" />\n    <meta charset=\"utf8\" />\n    \n    \n    \n
        \ </head>\n  <body>\n    <div class=\"container-fluid\">\n\n      <div class=\"navbar\">\n
        \       <div class=\"navbar-inner\">\n          <div class=\"container\">\n\n
        \           <!-- .btn-navbar is used as the toggle for collapsed navbar content
        -->\n            <a class=\"btn btn-navbar\" data-toggle=\"collapse\" data-target=\".nav-collapse\">\n
        \             <span class=\"icon-bar\"></span>\n              <span class=\"icon-bar\"></span>\n
        \             <span class=\"icon-bar\"></span>\n            </a>\n\n            <!--
        Be sure to leave the brand out there if you want it shown -->\n            <a
        class=\"brand\" href=\"/\">G5 Widget Garden</a>\n\n            <!-- Everything
        you want hidden at 940px or less, place within here -->\n            <div
        class=\"nav-collapse\">\n              <ul class=\"nav\">\n              </ul>\n
        \           </div>\n\n          </div>\n        </div>\n      </div>\n\n\n
        \     <article class=\"h-g5-component well\">\n  <header>\n    <h2 class=\"p-name\">\n
        \     <a href=\"http://g5-widget-garden.herokuapp.com/components/contact-form\"
        class=\"u-url u-uid\" rel=\"bookmark\">Contact Form</a>\n    </h2>\n    <p
        class=\"p-summary\">Form to get user contact info</p>\n      <p>\n        <a
        href=\"http://g5-widget-garden.herokuapp.com/static/components/contact-form/edit.html\"
        class=\"u-g5-edit-template u-url\">http://g5-widget-garden.herokuapp.com/static/components/contact-form/edit.html</a>\n
        \     </p>\n      <p>\n        <a href=\"http://g5-widget-garden.herokuapp.com/static/components/contact-form/show.html\"
        class=\"u-g5-show-template u-url\">http://g5-widget-garden.herokuapp.com/static/components/contact-form/show.html</a>\n
        \     </p>\n    <p>\n      <a href=\"http://g5-widget-garden.herokuapp.com/static/components/contact-form/images/thumbnail.png\"
        class=\"u-photo u-url\">http://g5-widget-garden.herokuapp.com/static/components/contact-form/images/thumbnail.png</a>\n
        \   </p>\n      <h3>Images</h3>\n        <p>\n          <a href=\"http://g5-widget-garden.herokuapp.com/static/components/contact-form/images/thumbnail.png\"
        class=\"u-g5-image u-url\">http://g5-widget-garden.herokuapp.com/static/components/contact-form/images/thumbnail.png</a>\n
        \       </p>\n\n      <h3>Javascripts</h3>\n\n      <p>\n        <a href=\"http://g5-widget-garden.herokuapp.com/javascripts/libs/h5validate.js\"
        class=\"u-g5-lib-javascript u-url\">http://g5-widget-garden.herokuapp.com/javascripts/libs/h5validate.js</a>\n
        \     </p>\n      <h3>Styleheets</h3>\n        <p>\n          <a href=\"http://g5-widget-garden.herokuapp.com/static/components/contact-form/stylesheets/style.css\"
        class=\"u-g5-stylesheet u-url\">http://g5-widget-garden.herokuapp.com/static/components/contact-form/stylesheets/style.css</a>\n
        \       </p>\n      <ul class=\"unstyled\">\n          <li class=\"e-g5-property-group
        h-g5-property-group\">\n            <h3><span class=\"p-name\">contact_form</span>Property
        Group</h3>\n  <p class=\"p-category\">Instance</p>\n  <div class=\"row\">\n
        \   <div class=\"span5\">\n      <table class=\"table table-striped table-bordered
        e-g5-property h-g5-property\">\n        <tr>\n          <th>Name</th>\n          <td
        class=\"p-g5-name\">contact_submission_url</th>\n        </tr>\n          <tr>\n
        \           <th style=\"width:40%\">Editable</th>\n            <td class=\"p-g5-editable\">\n
        \             true\n            </td>\n          </tr>\n          <tr>\n            <th
        style=\"width:40%\">Default Value</th>\n            <td class=\"p-g5-default-value\">\n
        \             \n            </td>\n          </tr>\n      </table>\n    </div>\n
        \ </div>\n  <div class=\"row\">\n    <div class=\"span5\">\n      <table class=\"table
        table-striped table-bordered e-g5-property h-g5-property\">\n        <tr>\n
        \         <th>Name</th>\n          <td class=\"p-g5-name\">contact_display_name</th>\n
        \       </tr>\n          <tr>\n            <th style=\"width:40%\">Editable</th>\n
        \           <td class=\"p-g5-editable\">\n              true\n            </td>\n
        \         </tr>\n          <tr>\n            <th style=\"width:40%\">Default
        Value</th>\n            <td class=\"p-g5-default-value\">\n              true\n
        \           </td>\n          </tr>\n      </table>\n    </div>\n  </div>\n
        \ <div class=\"row\">\n    <div class=\"span5\">\n      <table class=\"table
        table-striped table-bordered e-g5-property h-g5-property\">\n        <tr>\n
        \         <th>Name</th>\n          <td class=\"p-g5-name\">contact_display_email</th>\n
        \       </tr>\n          <tr>\n            <th style=\"width:40%\">Editable</th>\n
        \           <td class=\"p-g5-editable\">\n              true\n            </td>\n
        \         </tr>\n          <tr>\n            <th style=\"width:40%\">Default
        Value</th>\n            <td class=\"p-g5-default-value\">\n              true\n
        \           </td>\n          </tr>\n      </table>\n    </div>\n  </div>\n
        \ <div class=\"row\">\n    <div class=\"span5\">\n      <table class=\"table
        table-striped table-bordered e-g5-property h-g5-property\">\n        <tr>\n
        \         <th>Name</th>\n          <td class=\"p-g5-name\">contact_display_phone</th>\n
        \       </tr>\n          <tr>\n            <th style=\"width:40%\">Editable</th>\n
        \           <td class=\"p-g5-editable\">\n              true\n            </td>\n
        \         </tr>\n          <tr>\n            <th style=\"width:40%\">Default
        Value</th>\n            <td class=\"p-g5-default-value\">\n              true\n
        \           </td>\n          </tr>\n      </table>\n    </div>\n  </div>\n
        \ <div class=\"row\">\n    <div class=\"span5\">\n      <table class=\"table
        table-striped table-bordered e-g5-property h-g5-property\">\n        <tr>\n
        \         <th>Name</th>\n          <td class=\"p-g5-name\">contact_display_address</th>\n
        \       </tr>\n          <tr>\n            <th style=\"width:40%\">Editable</th>\n
        \           <td class=\"p-g5-editable\">\n              true\n            </td>\n
        \         </tr>\n          <tr>\n            <th style=\"width:40%\">Default
        Value</th>\n            <td class=\"p-g5-default-value\">\n              true\n
        \           </td>\n          </tr>\n      </table>\n    </div>\n  </div>\n
        \ <div class=\"row\">\n    <div class=\"span5\">\n      <table class=\"table
        table-striped table-bordered e-g5-property h-g5-property\">\n        <tr>\n
        \         <th>Name</th>\n          <td class=\"p-g5-name\">contact_display_message</th>\n
        \       </tr>\n          <tr>\n            <th style=\"width:40%\">Editable</th>\n
        \           <td class=\"p-g5-editable\">\n              true\n            </td>\n
        \         </tr>\n          <tr>\n            <th style=\"width:40%\">Default
        Value</th>\n            <td class=\"p-g5-default-value\">\n              true\n
        \           </td>\n          </tr>\n      </table>\n    </div>\n  </div>\n\n
        \         </li>\n      </ul>\n  </header>\n  <hr>\n\n  <pre><code class=\"e-content\">&lt;!--
        BEGIN EDIT FORM MARKUP --&gt;\n&lt;form&gt;\n  &lt;div class=&quot;form-field&quot;&gt;\n
        \   &lt;label for=&quot;{{ widget.contact_submission_url.value_field_id }}&quot;
        &gt;\n      Submission URL\n    &lt;/label&gt;\n    {{ widget.contact_submission_url.id_hidden_field
        }}\n    &lt;input type=&quot;text&quot;\n      id=&quot;{{ widget.contact_submission_url.value_field_id
        }}&quot;\n      name=&quot;{{ widget.contact_submission_url.value_field_name
        }}&quot;\n      value=&quot;{{ widget.contact_submission_url.best_value |
        url_encode }}&quot;\n    /&gt;\n  &lt;/div&gt;\n  &lt;fieldset&gt;\n    &lt;legend&gt;Choose
        fields to include in form&lt;/legend&gt;\n\n    &lt;div class=&quot;form-field
        check-field&quot;&gt;\n      {{ widget.contact_display_name.id_hidden_field
        }}\n      &lt;input type=&quot;hidden&quot;\n        id=&quot;{{ widget.contact_display_name.value_field_id
        }}_false&quot;\n        name=&quot;{{ widget.contact_display_name.value_field_name
        }}&quot;\n        value=&quot;false&quot;\n      /&gt;\n      &lt;input type=&quot;checkbox&quot;\n
        \       id=&quot;{{ widget.contact_display_name.value_field_id }}&quot;\n
        \       name=&quot;{{ widget.contact_display_name.value_field_name }}&quot;\n
        \       value=&quot;true&quot;\n        {% if widget.contact_display_name.best_value
        == &quot;true&quot; %}\n        checked=&quot;checked&quot;\n        {% endif
        %}\n      /&gt;\n      &lt;label for=&quot;{{ widget.contact_display_name.value_field_id
        }}&quot; &gt;\n        Name\n      &lt;/label&gt;\n    &lt;/div&gt;\n\n    &lt;div
        class=&quot;form-field check-field&quot;&gt;\n      {{ widget.contact_display_email.id_hidden_field
        }}\n      &lt;input type=&quot;hidden&quot;\n        id=&quot;{{ widget.contact_display_email.value_field_id
        }}_false&quot;\n        name=&quot;{{ widget.contact_display_email.value_field_name
        }}&quot;\n        value=&quot;false&quot;\n      /&gt;\n      &lt;input type=&quot;checkbox&quot;\n
        \       id=&quot;{{ widget.contact_display_email.value_field_id }}&quot;\n
        \       name=&quot;{{ widget.contact_display_email.value_field_name }}&quot;\n
        \       value=&quot;true&quot;\n        {% if widget.contact_display_email.best_value
        == &quot;true&quot; %}\n        checked=&quot;checked&quot;\n        {% endif
        %}\n      /&gt;\n      &lt;label for=&quot;{{ widget.contact_display_email.value_field_id
        }}&quot; &gt;\n        Email\n      &lt;/label&gt;\n    &lt;/div&gt;\n\n    &lt;div
        class=&quot;form-field check-field&quot;&gt;\n      {{ widget.contact_display_phone.id_hidden_field
        }}\n      &lt;input type=&quot;hidden&quot;\n        id=&quot;{{ widget.contact_display_phone.value_field_id
        }}_false&quot;\n        name=&quot;{{ widget.contact_display_phone.value_field_name
        }}&quot;\n        value=&quot;false&quot;\n      /&gt;\n      &lt;input type=&quot;checkbox&quot;\n
        \       id=&quot;{{ widget.contact_display_phone.value_field_id }}&quot;\n
        \       name=&quot;{{ widget.contact_display_phone.value_field_name }}&quot;\n
        \       value=&quot;true&quot;\n        {% if widget.contact_display_phone.best_value
        == &quot;true&quot; %}\n        checked=&quot;checked&quot;\n        {% endif
        %}\n      /&gt;\n      &lt;label for=&quot;{{ widget.contact_display_phone.value_field_id
        }}&quot; &gt;\n        Phone Number\n      &lt;/label&gt;\n    &lt;/div&gt;\n\n
        \   &lt;div class=&quot;form-field check-field&quot;&gt;\n      {{ widget.contact_display_address.id_hidden_field
        }}\n      &lt;input type=&quot;hidden&quot;\n        id=&quot;{{ widget.contact_display_address.value_field_id
        }}_false&quot;\n        name=&quot;{{ widget.contact_display_address.value_field_name
        }}&quot;\n        value=&quot;false&quot;\n      /&gt;\n      &lt;input type=&quot;checkbox&quot;\n
        \       id=&quot;{{ widget.contact_display_address.value_field_id }}&quot;\n
        \       name=&quot;{{ widget.contact_display_address.value_field_name }}&quot;\n
        \       value=&quot;true&quot;\n        {% if widget.contact_display_address.best_value
        == &quot;true&quot; %}\n        checked=&quot;checked&quot;\n        {% endif
        %}\n      /&gt;\n      &lt;label for=&quot;{{ widget.contact_display_address.value_field_id
        }}&quot; &gt;\n        Address\n      &lt;/label&gt;\n    &lt;/div&gt;\n    &lt;div
        class=&quot;form-field check-field&quot;&gt;\n      {{ widget.contact_display_message.id_hidden_field
        }}\n      &lt;input type=&quot;hidden&quot;\n        id=&quot;{{ widget.contact_display_message.value_field_id
        }}_false&quot;\n        name=&quot;{{ widget.contact_display_message.value_field_name
        }}&quot;\n        value=&quot;false&quot;\n      /&gt;\n      &lt;input type=&quot;checkbox&quot;\n
        \       id=&quot;{{ widget.contact_display_message.value_field_id }}&quot;\n
        \       name=&quot;{{ widget.contact_display_message.value_field_name }}&quot;\n
        \       value=&quot;true&quot;\n        {% if widget.contact_display_message.best_value
        == &quot;true&quot; %}\n        checked=&quot;checked&quot;\n        {% endif
        %}\n      /&gt;\n      &lt;label for=&quot;{{ widget.contact_display_message.value_field_id
        }}&quot; &gt;\n        Message\n      &lt;/label&gt;\n    &lt;/div&gt;\n\n
        \ &lt;/fieldset&gt;\n  &lt;input type=&quot;submit&quot; value=&quot;Save&quot;
        class=&quot;btn&quot; /&gt;\n&lt;/form&gt;\n\n&lt;!-- END EDIT FORM MARKUP
        --&gt;\n\n&lt;!-- BEGIN SHOW MARKUP --&gt;\n&lt;div id=&quot;success&quot;
        class=&quot;submit_response&quot;&gt;GREAT SUCCESS!&lt;/div&gt;\n&lt;div id=&quot;failure&quot;
        class=&quot;submit_response&quot;&gt;IZE NOT NICE!&lt;/div&gt;\n&lt;div class=&quot;contact
        widget&quot;&gt;\n  &lt;p class=&quot;heading&quot;&gt;Contact Us&lt;/p&gt;\n
        \ &lt;form id=&quot;contact-form&quot; class=&quot;form&quot; action=&quot;{{
        widget.contact_submission_url.best_value | url_encode }}&quot; method=&quot;POST&quot;&gt;\n
        \   {% if widget.contact_display_name.best_value == &quot;true&quot; %}\n
        \     &lt;div class=&quot;form-field&quot;&gt;\n        &lt;label for=&quot;name&quot;&gt;Name&lt;/label&gt;\n
        \       &lt;input type=&quot;text&quot; name=&quot;contact[name]&quot; id=&quot;name&quot;
        data-h5-errorid=&quot;invalid_name&quot; title=&quot;Required: Please provide
        your name&quot; required=&quot;&quot;&gt;\n        &lt;div id=&quot;invalid_name&quot;
        class=&quot;ui-state-error message&quot;&gt;Required: Please provide your
        name.&lt;/div&gt;&lt;/div&gt;\n    {% endif %}\n\n    {% if widget.contact_display_email.best_value
        == &quot;true&quot; %}\n      &lt;div class=&quot;form-field&quot;&gt;\n        &lt;label
        for=&quot;contact-email&quot;&gt;Email&lt;/label&gt;\n        &lt;input id=&quot;contact-email&quot;
        type=&quot;email&quot; name=&quot;contact[email]&quot; title=&quot;Required:
        Please provide your email address&quot; data-h5-errorid=&quot;invalid_email&quot;
        id=&quot;email&quot; pattern=&quot;^[a-z0-9._%+-]+@[a-z0-9.-]+\\.[a-z]{2,4}$&quot;
        required=&quot;&quot; /&gt;\n        &lt;div id=&quot;invalid_email&quot;
        class=&quot;ui-state-error message&quot;&gt;Required: Please provide your
        email.&lt;/div&gt;\n      &lt;/div&gt;\n\n    {% endif %}\n\n    {% if widget.contact_display_phone.best_value
        == &quot;true&quot; %}\n      &lt;div class=&quot;form-field&quot;&gt;\n        &lt;label
        for=&quot;contact-phone&quot;&gt;Phone&lt;/label&gt;\n        &lt;input type=&quot;text&quot;
        id=&quot;contact-phone&quot; name=&quot;contact[form]&quot; /&gt;\n      &lt;/div&gt;\n
        \   {% endif %}\n\n    {% if widget.contact_display_address.best_value ==
        &quot;true&quot; %}\n      &lt;div class=&quot;form-field&quot;&gt;\n        &lt;label
        for=&quot;contact-address&quot;&gt;Address&lt;/label&gt;\n        &lt;input
        type=&quot;text&quot; id=&quot;contact-address&quot; name=&quot;contact[address]&quot;
        /&gt;\n      &lt;/div&gt;\n    {% endif %}\n\n    {% if widget.contact_display_message.best_value
        == &quot;true&quot; %}\n      &lt;div class=&quot;form-field&quot;&gt;\n        &lt;label
        for=&quot;contact-message&quot;&gt;Message&lt;/label&gt;\n        &lt;textarea
        id=&quot;contact-message&quot; name=&quot;contact[message]&quot; data-h5-errorid=&quot;invalid_message&quot;
        title=&quot;Required: Please leave us a message&quot; required=&quot;&quot;&gt;&lt;/textarea&gt;\n
        \       &lt;div id=&quot;invalid_message&quot; class=&quot;ui-state-error
        message&quot;&gt;Required: Please leave us a message.&lt;/div&gt;\n      &lt;/div&gt;\n\n
        \   {% endif %}\n\n    &lt;input type=&quot;submit&quot; best_value=&quot;Send&quot;
        /&gt;\n  &lt;/form&gt;\n&lt;/div&gt;\n\n&lt;!-- END SHOW MARKUP --&gt;</code></pre>\n</article>\n\n\n\n
        \   </div>\n  </body>\n</html>\n"
    http_version: 
  recorded_at: Tue, 12 Nov 2013 20:20:45 GMT
- request:
    method: get
    uri: http://g5-widget-garden.herokuapp.com/static/components/contact-form/show.html
    body:
      encoding: US-ASCII
      string: ''
    headers:
      Accept:
      - ! '*/*'
      User-Agent:
      - Ruby
  response:
    status:
      code: 200
      message: OK
    headers:
      Age:
      - '0'
      Content-Type:
      - text/html
      Date:
      - Tue, 12 Nov 2013 20:20:45 GMT
      Last-Modified:
      - Tue, 12 Nov 2013 19:59:11 GMT
      Server:
      - thin 1.5.1 codename Straight Razor
      X-Content-Digest:
      - 08e2926591bc51a3655090b96213ddeb691f6d2f
      X-Rack-Cache:
      - stale, valid, store
      Content-Length:
      - '2240'
      Connection:
      - keep-alive
    body:
      encoding: US-ASCII
      string: ! "<div id=\"success\" class=\"submit_response\">GREAT SUCCESS!</div>\n<div
        id=\"failure\" class=\"submit_response\">IZE NOT NICE!</div>\n<div class=\"contact
        widget\">\n  <p class=\"heading\">Contact Us</p>\n  <form id=\"contact-form\"
        class=\"form\" action=\"{{ widget.contact_submission_url.best_value | url_encode
        }}\" method=\"POST\">\n    {% if widget.contact_display_name.best_value ==
        \"true\" %}\n      <div class=\"form-field\">\n        <label for=\"name\">Name</label>\n
        \       <input type=\"text\" name=\"contact[name]\" id=\"name\" data-h5-errorid=\"invalid_name\"
        title=\"Required: Please provide your name\" required=\"\">\n        <div
        id=\"invalid_name\" class=\"ui-state-error message\">Required: Please provide
        your name.</div></div>\n    {% endif %}\n\n    {% if widget.contact_display_email.best_value
        == \"true\" %}\n      <div class=\"form-field\">\n        <label for=\"contact-email\">Email</label>\n
        \       <input id=\"contact-email\" type=\"email\" name=\"contact[email]\"
        title=\"Required: Please provide your email address\" data-h5-errorid=\"invalid_email\"
        id=\"email\" pattern=\"^[a-z0-9._%+-]+@[a-z0-9.-]+\\.[a-z]{2,4}$\" required=\"\"
        />\n        <div id=\"invalid_email\" class=\"ui-state-error message\">Required:
        Please provide your email.</div>\n      </div>\n\n    {% endif %}\n\n    {%
        if widget.contact_display_phone.best_value == \"true\" %}\n      <div class=\"form-field\">\n
        \       <label for=\"contact-phone\">Phone</label>\n        <input type=\"text\"
        id=\"contact-phone\" name=\"contact[form]\" />\n      </div>\n    {% endif
        %}\n\n    {% if widget.contact_display_address.best_value == \"true\" %}\n
        \     <div class=\"form-field\">\n        <label for=\"contact-address\">Address</label>\n
        \       <input type=\"text\" id=\"contact-address\" name=\"contact[address]\"
        />\n      </div>\n    {% endif %}\n\n    {% if widget.contact_display_message.best_value
        == \"true\" %}\n      <div class=\"form-field\">\n        <label for=\"contact-message\">Message</label>\n
        \       <textarea id=\"contact-message\" name=\"contact[message]\" data-h5-errorid=\"invalid_message\"
        title=\"Required: Please leave us a message\" required=\"\"></textarea>\n
        \       <div id=\"invalid_message\" class=\"ui-state-error message\">Required:
        Please leave us a message.</div>\n      </div>\n\n    {% endif %}\n\n    <input
        type=\"submit\" best_value=\"Send\" />\n  </form>\n</div>\n"
    http_version: 
  recorded_at: Tue, 12 Nov 2013 20:20:45 GMT
- request:
    method: get
    uri: http://g5-widget-garden.herokuapp.com/static/components/contact-form/edit.html
    body:
      encoding: US-ASCII
      string: ''
    headers:
      Accept:
      - ! '*/*'
      User-Agent:
      - Ruby
  response:
    status:
      code: 200
      message: OK
    headers:
      Age:
      - '0'
      Content-Type:
      - text/html
      Date:
      - Tue, 12 Nov 2013 20:20:48 GMT
      Last-Modified:
      - Tue, 12 Nov 2013 19:59:11 GMT
      Server:
      - thin 1.5.1 codename Straight Razor
      X-Content-Digest:
      - f5228e45386038d99876dc59c452acad5e69b15d
      X-Rack-Cache:
      - stale, valid, store
      Content-Length:
      - '4136'
      Connection:
      - keep-alive
    body:
      encoding: US-ASCII
      string: ! "<form>\n  <div class=\"form-field\">\n    <label for=\"{{ widget.contact_submission_url.value_field_id
        }}\" >\n      Submission URL\n    </label>\n    {{ widget.contact_submission_url.id_hidden_field
        }}\n    <input type=\"text\"\n      id=\"{{ widget.contact_submission_url.value_field_id
        }}\"\n      name=\"{{ widget.contact_submission_url.value_field_name }}\"\n
        \     value=\"{{ widget.contact_submission_url.best_value | url_encode }}\"\n
        \   />\n  </div>\n  <fieldset>\n    <legend>Choose fields to include in form</legend>\n\n
        \   <div class=\"form-field check-field\">\n      {{ widget.contact_display_name.id_hidden_field
        }}\n      <input type=\"hidden\"\n        id=\"{{ widget.contact_display_name.value_field_id
        }}_false\"\n        name=\"{{ widget.contact_display_name.value_field_name
        }}\"\n        value=\"false\"\n      />\n      <input type=\"checkbox\"\n
        \       id=\"{{ widget.contact_display_name.value_field_id }}\"\n        name=\"{{
        widget.contact_display_name.value_field_name }}\"\n        value=\"true\"\n
        \       {% if widget.contact_display_name.best_value == \"true\" %}\n        checked=\"checked\"\n
        \       {% endif %}\n      />\n      <label for=\"{{ widget.contact_display_name.value_field_id
        }}\" >\n        Name\n      </label>\n    </div>\n\n    <div class=\"form-field
        check-field\">\n      {{ widget.contact_display_email.id_hidden_field }}\n
        \     <input type=\"hidden\"\n        id=\"{{ widget.contact_display_email.value_field_id
        }}_false\"\n        name=\"{{ widget.contact_display_email.value_field_name
        }}\"\n        value=\"false\"\n      />\n      <input type=\"checkbox\"\n
        \       id=\"{{ widget.contact_display_email.value_field_id }}\"\n        name=\"{{
        widget.contact_display_email.value_field_name }}\"\n        value=\"true\"\n
        \       {% if widget.contact_display_email.best_value == \"true\" %}\n        checked=\"checked\"\n
        \       {% endif %}\n      />\n      <label for=\"{{ widget.contact_display_email.value_field_id
        }}\" >\n        Email\n      </label>\n    </div>\n\n    <div class=\"form-field
        check-field\">\n      {{ widget.contact_display_phone.id_hidden_field }}\n
        \     <input type=\"hidden\"\n        id=\"{{ widget.contact_display_phone.value_field_id
        }}_false\"\n        name=\"{{ widget.contact_display_phone.value_field_name
        }}\"\n        value=\"false\"\n      />\n      <input type=\"checkbox\"\n
        \       id=\"{{ widget.contact_display_phone.value_field_id }}\"\n        name=\"{{
        widget.contact_display_phone.value_field_name }}\"\n        value=\"true\"\n
        \       {% if widget.contact_display_phone.best_value == \"true\" %}\n        checked=\"checked\"\n
        \       {% endif %}\n      />\n      <label for=\"{{ widget.contact_display_phone.value_field_id
        }}\" >\n        Phone Number\n      </label>\n    </div>\n\n    <div class=\"form-field
        check-field\">\n      {{ widget.contact_display_address.id_hidden_field }}\n
        \     <input type=\"hidden\"\n        id=\"{{ widget.contact_display_address.value_field_id
        }}_false\"\n        name=\"{{ widget.contact_display_address.value_field_name
        }}\"\n        value=\"false\"\n      />\n      <input type=\"checkbox\"\n
        \       id=\"{{ widget.contact_display_address.value_field_id }}\"\n        name=\"{{
        widget.contact_display_address.value_field_name }}\"\n        value=\"true\"\n
        \       {% if widget.contact_display_address.best_value == \"true\" %}\n        checked=\"checked\"\n
        \       {% endif %}\n      />\n      <label for=\"{{ widget.contact_display_address.value_field_id
        }}\" >\n        Address\n      </label>\n    </div>\n    <div class=\"form-field
        check-field\">\n      {{ widget.contact_display_message.id_hidden_field }}\n
        \     <input type=\"hidden\"\n        id=\"{{ widget.contact_display_message.value_field_id
        }}_false\"\n        name=\"{{ widget.contact_display_message.value_field_name
        }}\"\n        value=\"false\"\n      />\n      <input type=\"checkbox\"\n
        \       id=\"{{ widget.contact_display_message.value_field_id }}\"\n        name=\"{{
        widget.contact_display_message.value_field_name }}\"\n        value=\"true\"\n
        \       {% if widget.contact_display_message.best_value == \"true\" %}\n        checked=\"checked\"\n
        \       {% endif %}\n      />\n      <label for=\"{{ widget.contact_display_message.value_field_id
        }}\" >\n        Message\n      </label>\n    </div>\n\n  </fieldset>\n  <input
        type=\"submit\" value=\"Save\" class=\"btn\" />\n</form>\n"
    http_version: 
  recorded_at: Tue, 12 Nov 2013 20:20:48 GMT
recorded_with: VCR 2.6.0
