---
http_interactions:
- request:
    method: get
    uri: http://g5-theme-garden.herokuapp.com/
    body:
      encoding: US-ASCII
      string: ''
    headers:
      If-Modified-Since:
      - Wed, 06 Nov 2013 22:15:25 GMT
      Accept:
      - ! '*/*'
      User-Agent:
      - Ruby
  response:
    status:
      code: 304
      message: Not Modified
    headers:
      Cache-Control:
      - max-age=0, private, must-revalidate
      Date:
      - Tue, 19 Nov 2013 01:54:59 GMT
      Server:
      - thin 1.5.0 codename Knife
      X-Rack-Cache:
      - miss
      X-Request-Id:
      - e0c51d08fc7524d540fbd687025b8749
      X-Runtime:
      - '0.003704'
      X-Ua-Compatible:
      - IE=Edge,chrome=1
      Connection:
      - keep-alive
    body:
      encoding: US-ASCII
      string: ''
    http_version:
  recorded_at: Tue, 19 Nov 2013 01:55:00 GMT
- request:
    method: get
    uri: http://g5-layout-garden.herokuapp.com/
    body:
      encoding: US-ASCII
      string: ''
    headers:
      If-Modified-Since:
      - Tue, 21 Jan 2014 22:59:43 GMT
      Accept:
      - ! '*/*'
      User-Agent:
      - Ruby
  response:
    status:
      code: 304
      message: Not Modified
    headers:
      Cache-Control:
      - max-age=0, private, must-revalidate
      Date:
      - Fri, 24 Jan 2014 05:40:01 GMT
      Server:
      - thin 1.5.0 codename Knife
      X-Rack-Cache:
      - miss
      X-Request-Id:
      - 46ba5165-d18e-45bf-b66e-c83f74020f33
      X-Runtime:
      - '0.004843'
      X-Ua-Compatible:
      - IE=Edge,chrome=1
      Connection:
      - keep-alive
    body:
      encoding: US-ASCII
      string: ''
    http_version:
  recorded_at: Fri, 24 Jan 2014 05:40:01 GMT
- request:
    method: get
    uri: http://g5-layout-garden.herokuapp.com/
    body:
      encoding: US-ASCII
      string: ''
    headers:
      If-Modified-Since:
      - Tue, 21 Jan 2014 22:59:43 GMT
      Accept:
      - ! '*/*'
      User-Agent:
      - Ruby
  response:
    status:
      code: 304
      message: Not Modified
    headers:
      Cache-Control:
      - max-age=0, private, must-revalidate
      Date:
      - Fri, 24 Jan 2014 05:40:01 GMT
      Server:
      - thin 1.5.0 codename Knife
      X-Rack-Cache:
      - miss
      X-Request-Id:
      - 1fd3b46a-a6c3-4cd0-9120-cfa5be725ec9
      X-Runtime:
      - '0.004258'
      X-Ua-Compatible:
      - IE=Edge,chrome=1
      Connection:
      - keep-alive
    body:
      encoding: US-ASCII
      string: ''
    http_version:
  recorded_at: Fri, 24 Jan 2014 05:40:01 GMT
- request:
    method: get
    uri: http://g5-layout-garden.herokuapp.com/
    body:
      encoding: US-ASCII
      string: ''
    headers:
      If-Modified-Since:
      - Tue, 21 Jan 2014 22:59:43 GMT
      Accept:
      - ! '*/*'
      User-Agent:
      - Ruby
  response:
    status:
      code: 304
      message: Not Modified
    headers:
      Cache-Control:
      - max-age=0, private, must-revalidate
      Date:
      - Fri, 24 Jan 2014 05:40:02 GMT
      Server:
      - thin 1.5.0 codename Knife
      X-Rack-Cache:
      - miss
      X-Request-Id:
      - 2f760322-eb68-4e92-95c6-d07d44f797aa
      X-Runtime:
      - '0.004019'
      X-Ua-Compatible:
      - IE=Edge,chrome=1
      Connection:
      - keep-alive
    body:
      encoding: US-ASCII
      string: ''
    http_version:
  recorded_at: Fri, 24 Jan 2014 05:40:02 GMT
- request:
    method: get
    uri: http://g5-layout-garden.herokuapp.com/
    body:
      encoding: US-ASCII
      string: ''
    headers:
      If-Modified-Since:
      - Tue, 21 Jan 2014 22:59:43 GMT
      Accept:
      - ! '*/*'
      User-Agent:
      - Ruby
  response:
    status:
      code: 304
      message: Not Modified
    headers:
      Cache-Control:
      - max-age=0, private, must-revalidate
      Date:
      - Fri, 24 Jan 2014 05:40:02 GMT
      Server:
      - thin 1.5.0 codename Knife
      X-Rack-Cache:
      - miss
      X-Request-Id:
      - 2fd320fc-db54-4f73-8d3c-bd763c8a04f9
      X-Runtime:
      - '0.003898'
      X-Ua-Compatible:
      - IE=Edge,chrome=1
      Connection:
      - keep-alive
    body:
      encoding: US-ASCII
      string: ''
    http_version:
  recorded_at: Fri, 24 Jan 2014 05:40:02 GMT
recorded_with: VCR 2.6.0
